Windows PowerShell
Copyright (C) Microsoft Corporation. All rights reserved.

Install the latest PowerShell for new features and improvements! https://aka.ms/PSWindows

PS C:\Users\Abhimanyu\Downloads> chmod 400 demo-django-key2.pem
chmod : The term 'chmod' is not recognized as the name of a cmdlet, function, script file, or operable program. Check
the spelling of the name, or if a path was included, verify that the path is correct and try again.
At line:1 char:1
+ chmod 400 demo-django-key2.pem
+ ~~~~~
    + CategoryInfo          : ObjectNotFound: (chmod:String) [], CommandNotFoundException
    + FullyQualifiedErrorId : CommandNotFoundException

PS C:\Users\Abhimanyu\Downloads> ssh -i "demo-django-key2.pem" ubuntu@ec2-16-171-140-146.eu-north-1.compute.amazonaws.com
The authenticity of host 'ec2-16-171-140-146.eu-north-1.compute.amazonaws.com (16.171.140.146)' can't be established.
ED25519 key fingerprint is SHA256:WW7kBnSqo/yaoMVyav+vTlmOiwrPiikd6RQczcZNmI4.
This key is not known by any other names
Are you sure you want to continue connecting (yes/no/[fingerprint])? yes
Warning: Permanently added 'ec2-16-171-140-146.eu-north-1.compute.amazonaws.com' (ED25519) to the list of known hosts.
Welcome to Ubuntu 22.04.2 LTS (GNU/Linux 5.19.0-1025-aws x86_64)

 * Documentation:  https://help.ubuntu.com
 * Management:     https://landscape.canonical.com
 * Support:        https://ubuntu.com/advantage

  System information as of Sun Jul 16 07:03:59 UTC 2023

  System load:  0.0               Processes:             102
  Usage of /:   20.6% of 7.57GB   Users logged in:       0
  Memory usage: 23%               IPv4 address for ens5: 172.31.33.165
  Swap usage:   0%

Expanded Security Maintenance for Applications is not enabled.

0 updates can be applied immediately.

Enable ESM Apps to receive additional future security updates.
See https://ubuntu.com/esm or run: sudo pro status


The list of available updates is more than a week old.
To check for new updates run: sudo apt update


The programs included with the Ubuntu system are free software;
the exact distribution terms for each program are described in the
individual files in /usr/share/doc/*/copyright.

Ubuntu comes with ABSOLUTELY NO WARRANTY, to the extent permitted by
applicable law.

To run a command as administrator (user "root"), use "sudo <command>".
See "man sudo_root" for details.

ubuntu@ip-172-31-33-165:~$ git clone https://github.com/LondheShubham153/django-notes-app.git
Cloning into 'django-notes-app'...
remote: Enumerating objects: 363, done.
remote: Counting objects: 100% (59/59), done.
remote: Compressing objects: 100% (36/36), done.
remote: Total 363 (delta 43), reused 23 (delta 23), pack-reused 304
Receiving objects: 100% (363/363), 1.69 MiB | 11.07 MiB/s, done.
Resolving deltas: 100% (97/97), done.
ubuntu@ip-172-31-33-165:~$ ls
django-notes-app
ubuntu@ip-172-31-33-165:~$ cd django-notes-app
ubuntu@ip-172-31-33-165:~/django-notes-app$ sudo apt-get update
Hit:1 http://eu-north-1.ec2.archive.ubuntu.com/ubuntu jammy InRelease
Get:2 http://eu-north-1.ec2.archive.ubuntu.com/ubuntu jammy-updates InRelease [119 kB]
Get:3 http://security.ubuntu.com/ubuntu jammy-security InRelease [110 kB]
Get:4 http://eu-north-1.ec2.archive.ubuntu.com/ubuntu jammy-backports InRelease [108 kB]
Get:5 http://eu-north-1.ec2.archive.ubuntu.com/ubuntu jammy/universe amd64 Packages [14.1 MB]
Get:6 http://security.ubuntu.com/ubuntu jammy-security/main amd64 Packages [572 kB]
Get:7 http://eu-north-1.ec2.archive.ubuntu.com/ubuntu jammy/universe Translation-en [5652 kB]
Get:8 http://eu-north-1.ec2.archive.ubuntu.com/ubuntu jammy/universe amd64 c-n-f Metadata [286 kB]
Get:9 http://eu-north-1.ec2.archive.ubuntu.com/ubuntu jammy/multiverse amd64 Packages [217 kB]
Get:10 http://eu-north-1.ec2.archive.ubuntu.com/ubuntu jammy/multiverse Translation-en [112 kB]
Get:11 http://eu-north-1.ec2.archive.ubuntu.com/ubuntu jammy/multiverse amd64 c-n-f Metadata [8372 B]
Get:12 http://eu-north-1.ec2.archive.ubuntu.com/ubuntu jammy-updates/main amd64 Packages [792 kB]
Get:13 http://eu-north-1.ec2.archive.ubuntu.com/ubuntu jammy-updates/main Translation-en [200 kB]
Get:14 http://eu-north-1.ec2.archive.ubuntu.com/ubuntu jammy-updates/main amd64 c-n-f Metadata [15.4 kB]
Get:15 http://eu-north-1.ec2.archive.ubuntu.com/ubuntu jammy-updates/restricted amd64 Packages [567 kB]
Get:16 http://eu-north-1.ec2.archive.ubuntu.com/ubuntu jammy-updates/restricted Translation-en [88.2 kB]
Get:17 http://eu-north-1.ec2.archive.ubuntu.com/ubuntu jammy-updates/restricted amd64 c-n-f Metadata [528 B]
Get:18 http://eu-north-1.ec2.archive.ubuntu.com/ubuntu jammy-updates/universe amd64 Packages [943 kB]
Get:19 http://eu-north-1.ec2.archive.ubuntu.com/ubuntu jammy-updates/universe Translation-en [202 kB]
Get:20 http://eu-north-1.ec2.archive.ubuntu.com/ubuntu jammy-updates/universe amd64 c-n-f Metadata [20.7 kB]
Get:21 http://eu-north-1.ec2.archive.ubuntu.com/ubuntu jammy-updates/multiverse amd64 Packages [41.6 kB]
Get:22 http://eu-north-1.ec2.archive.ubuntu.com/ubuntu jammy-updates/multiverse Translation-en [9764 B]
Get:23 http://eu-north-1.ec2.archive.ubuntu.com/ubuntu jammy-updates/multiverse amd64 c-n-f Metadata [476 B]
Get:24 http://eu-north-1.ec2.archive.ubuntu.com/ubuntu jammy-backports/main amd64 Packages [40.9 kB]
Get:25 http://eu-north-1.ec2.archive.ubuntu.com/ubuntu jammy-backports/main Translation-en [10.2 kB]
Get:26 http://eu-north-1.ec2.archive.ubuntu.com/ubuntu jammy-backports/main amd64 c-n-f Metadata [388 B]
Get:27 http://eu-north-1.ec2.archive.ubuntu.com/ubuntu jammy-backports/restricted amd64 c-n-f Metadata [116 B]
Get:28 http://eu-north-1.ec2.archive.ubuntu.com/ubuntu jammy-backports/universe amd64 Packages [22.2 kB]
Get:29 http://eu-north-1.ec2.archive.ubuntu.com/ubuntu jammy-backports/universe Translation-en [15.4 kB]
Get:30 http://security.ubuntu.com/ubuntu jammy-security/main Translation-en [140 kB]
Get:31 http://security.ubuntu.com/ubuntu jammy-security/main amd64 c-n-f Metadata [11.0 kB]
Get:32 http://security.ubuntu.com/ubuntu jammy-security/restricted amd64 Packages [558 kB]
Get:33 http://eu-north-1.ec2.archive.ubuntu.com/ubuntu jammy-backports/universe amd64 c-n-f Metadata [580 B]
Get:34 http://eu-north-1.ec2.archive.ubuntu.com/ubuntu jammy-backports/multiverse amd64 c-n-f Metadata [116 B]
Get:35 http://security.ubuntu.com/ubuntu jammy-security/restricted Translation-en [87.2 kB]
Get:36 http://security.ubuntu.com/ubuntu jammy-security/restricted amd64 c-n-f Metadata [532 B]
Get:37 http://security.ubuntu.com/ubuntu jammy-security/universe amd64 Packages [748 kB]
Get:38 http://security.ubuntu.com/ubuntu jammy-security/universe Translation-en [133 kB]
Get:39 http://security.ubuntu.com/ubuntu jammy-security/universe amd64 c-n-f Metadata [15.7 kB]
Get:40 http://security.ubuntu.com/ubuntu jammy-security/multiverse amd64 Packages [36.5 kB]
Get:41 http://security.ubuntu.com/ubuntu jammy-security/multiverse Translation-en [7060 B]
Get:42 http://security.ubuntu.com/ubuntu jammy-security/multiverse amd64 c-n-f Metadata [260 B]
Fetched 26.0 MB in 4s (6393 kB/s)
Reading package lists... Done
ubuntu@ip-172-31-33-165:~/django-notes-app$ sudo api install docker.io
sudo: api: command not found
Preparing to unpack .../4-dns-root-data_2021011101_all.deb ...
Unpacking dns-root-data (2021011101) ...
Selecting previously unselected package dnsmasq-base.
Preparing to unpack .../5-dnsmasq-base_2.86-1.1ubuntu0.3_amd64.deb ...
Unpacking dnsmasq-base (2.86-1.1ubuntu0.3) ...
Selecting previously unselected package docker.io.
Preparing to unpack .../6-docker.io_20.10.21-0ubuntu1~22.04.3_amd64.deb ...
Unpacking docker.io (20.10.21-0ubuntu1~22.04.3) ...
Selecting previously unselected package ubuntu-fan.
Preparing to unpack .../7-ubuntu-fan_0.12.16_all.deb ...
Unpacking ubuntu-fan (0.12.16) ...
Setting up dnsmasq-base (2.86-1.1ubuntu0.3) ...
Setting up runc (1.1.4-0ubuntu1~22.04.3) ...
Setting up dns-root-data (2021011101) ...
Setting up bridge-utils (1.7-1ubuntu3) ...
Setting up pigz (2.6-1) ...
Setting up containerd (1.6.12-0ubuntu1~22.04.3) ...
Created symlink /etc/systemd/system/multi-user.target.wants/containerd.service → /lib/systemd/system/containerd.service.Setting up ubuntu-fan (0.12.16) ...
Created symlink /etc/systemd/system/multi-user.target.wants/ubuntu-fan.service → /lib/systemd/system/ubuntu-fan.service.Setting up docker.io (20.10.21-0ubuntu1~22.04.3) ...
Adding group `docker' (GID 122) ...
Done.
Created symlink /etc/systemd/system/multi-user.target.wants/docker.service → /lib/systemd/system/docker.service.
Created symlink /etc/systemd/system/sockets.target.wants/docker.socket → /lib/systemd/system/docker.socket.
Processing triggers for dbus (1.12.20-2ubuntu4.1) ...
Processing triggers for man-db (2.10.2-1) ...
Scanning processes...
Scanning linux images...

Running kernel seems to be up-to-date.

No services need to be restarted.

No containers need to be restarted.

No user sessions are running outdated binaries.

No VM guests are running outdated hypervisor (qemu) binaries on this host.
ubuntu@ip-172-31-33-165:~/django-notes-app$ docker --version
Docker version 20.10.21, build 20.10.21-0ubuntu1~22.04.3
ubuntu@ip-172-31-33-165:~/django-notes-app$ docker ps
Got permission denied while trying to connect to the Docker daemon socket at unix:///var/run/docker.sock: Get "http://%2Fvar%2Frun%2Fdocker.sock/v1.24/containers/json": dial unix /var/run/docker.sock: connect: permission denied
ubuntu@ip-172-31-33-165:~/django-notes-app$ client_loop: send disconnect: Connection reset
PS C:\Users\Abhimanyu\Downloads> ssh -i "demo-django-key2.pem" ubuntu@ec2-16-171-140-146.eu-north-1.compute.amazonaws.com
Welcome to Ubuntu 22.04.2 LTS (GNU/Linux 5.19.0-1025-aws x86_64)

 * Documentation:  https://help.ubuntu.com
 * Management:     https://landscape.canonical.com
 * Support:        https://ubuntu.com/advantage

  System information as of Sun Jul 16 07:25:47 UTC 2023

  System load:  0.0               Processes:                105
  Usage of /:   26.9% of 7.57GB   Users logged in:          1
  Memory usage: 29%               IPv4 address for docker0: 172.17.0.1
  Swap usage:   0%                IPv4 address for ens5:    172.31.33.165


Expanded Security Maintenance for Applications is not enabled.

83 updates can be applied immediately.
50 of these updates are standard security updates.
To see these additional updates run: apt list --upgradable

Enable ESM Apps to receive additional future security updates.
See https://ubuntu.com/esm or run: sudo pro status


Last login: Sun Jul 16 07:04:01 2023 from 49.36.56.248
ubuntu@ip-172-31-33-165:~$ docker --version
Docker version 20.10.21, build 20.10.21-0ubuntu1~22.04.3
ubuntu@ip-172-31-33-165:~$ docker ps
Got permission denied while trying to connect to the Docker daemon socket at unix:///var/run/docker.sock: Get "http://%2Fvar%2Frun%2Fdocker.sock/v1.24/containers/json": dial unix /var/run/docker.sock: connect: permission denied
ubuntu@ip-172-31-33-165:~$ whoami
ubuntu
ubuntu@ip-172-31-33-165:~$ sudo usermod -aG docker $USER
ubuntu@ip-172-31-33-165:~$ sudo reboot
Connection to ec2-16-171-140-146.eu-north-1.compute.amazonaws.com closed by remote host.
Connection to ec2-16-171-140-146.eu-north-1.compute.amazonaws.com closed.
PS C:\Users\Abhimanyu\Downloads> ssh -i "demo-django-key2.pem" ubuntu@ec2-16-171-140-146.eu-north-1.compute.amazonaws.com
Welcome to Ubuntu 22.04.2 LTS (GNU/Linux 5.19.0-1025-aws x86_64)

 * Documentation:  https://help.ubuntu.com
 * Management:     https://landscape.canonical.com
 * Support:        https://ubuntu.com/advantage

  System information as of Sun Jul 16 07:33:28 UTC 2023

  System load:  0.00390625        Processes:                111
  Usage of /:   26.9% of 7.57GB   Users logged in:          0
  Memory usage: 25%               IPv4 address for docker0: 172.17.0.1
  Swap usage:   0%                IPv4 address for ens5:    172.31.33.165


Expanded Security Maintenance for Applications is not enabled.

83 updates can be applied immediately.
50 of these updates are standard security updates.
To see these additional updates run: apt list --upgradable

Enable ESM Apps to receive additional future security updates.
See https://ubuntu.com/esm or run: sudo pro status


Last login: Sun Jul 16 07:25:48 2023 from 49.36.56.248
ubuntu@ip-172-31-33-165:~$ docker ps
CONTAINER ID   IMAGE     COMMAND   CREATED   STATUS    PORTS     NAMES
ubuntu@ip-172-31-33-165:~$ cd django-notes-app/
ubuntu@ip-172-31-33-165:~/django-notes-app$ ls
Dockerfile   README.md  db.sqlite3          manage.py  notesapp  requirements.txt
Jenkinsfile  api        docker-compose.yml  mynotes    procfile  staticfiles
ubuntu@ip-172-31-33-165:~/django-notes-app$ cat Dockerfile
FROM python:3.9

WORKDIR /app/backend

COPY requirements.txt /app/backend
RUN pip install -r requirements.txt

COPY . /app/backend

EXPOSE 8000

CMD python /app/backend/manage.py runserver 0.0.0.0:8000
ubuntu@ip-172-31-33-165:~/django-notes-app$ pwd
/home/ubuntu/django-notes-app
ubuntu@ip-172-31-33-165:~/django-notes-app$ ls
Dockerfile   README.md  db.sqlite3          manage.py  notesapp  requirements.txt
Jenkinsfile  api        docker-compose.yml  mynotes    procfile  staticfiles
ubuntu@ip-172-31-33-165:~/django-notes-app$ cat requirements.txt
asgiref==3.6.0
Django==4.1.5
django-cors-headers==3.13.0
djangorestframework==3.14.0
gunicorn==20.1.0
pytz==2022.7.1
sqlparse==0.4.3
tzdata==2022.7
whitenoise==6.3.0
ubuntu@ip-172-31-33-165:~/django-notes-app$ docker build -t note-app .
Sending build context to Docker daemon  8.393MB
Step 1/7 : FROM python:3.9
3.9: Pulling from library/python
d52e4f012db1: Pull complete
7dd206bea61f: Pull complete
2320f9be4a9c: Pull complete
6e5565e0ba8d: Pull complete
d3797e13cc41: Pull complete
9421d62bef94: Pull complete
19d7d75bfdca: Pull complete
67f28346abde: Pull complete
Digest: sha256:ba10a2af9d6c3bd0d20c46ecbf866dabcbad4e6a3dd7b82e2dfb1a9b6d479d87
Status: Downloaded newer image for python:3.9
 ---> 1d7821476b67
Step 2/7 : WORKDIR /app/backend
 ---> Running in 015a2712e203
Removing intermediate container 015a2712e203
 ---> d77f8e77c917
Step 3/7 : COPY requirements.txt /app/backend
 ---> b454f1d492ba
Step 4/7 : RUN pip install -r requirements.txt
 ---> Running in 546dbeba0d25
Collecting asgiref==3.6.0
  Downloading asgiref-3.6.0-py3-none-any.whl (23 kB)
Collecting Django==4.1.5
  Downloading Django-4.1.5-py3-none-any.whl (8.1 MB)
     ━━━━━━━━━━━━━━━━━━━━━━━━━━━━━━━━━━━━━━━━ 8.1/8.1 MB 24.7 MB/s eta 0:00:00
Collecting django-cors-headers==3.13.0
  Downloading django_cors_headers-3.13.0-py3-none-any.whl (13 kB)
Collecting djangorestframework==3.14.0
  Downloading djangorestframework-3.14.0-py3-none-any.whl (1.1 MB)
     ━━━━━━━━━━━━━━━━━━━━━━━━━━━━━━━━━━━━━━━━ 1.1/1.1 MB 61.8 MB/s eta 0:00:00
Collecting gunicorn==20.1.0
  Downloading gunicorn-20.1.0-py3-none-any.whl (79 kB)
     ━━━━━━━━━━━━━━━━━━━━━━━━━━━━━━━━━━━━━━━━ 79.5/79.5 kB 17.5 MB/s eta 0:00:00
Collecting pytz==2022.7.1
  Downloading pytz-2022.7.1-py2.py3-none-any.whl (499 kB)
     ━━━━━━━━━━━━━━━━━━━━━━━━━━━━━━━━━━━━━━ 499.4/499.4 kB 15.0 MB/s eta 0:00:00
Collecting sqlparse==0.4.3
  Downloading sqlparse-0.4.3-py3-none-any.whl (42 kB)
     ━━━━━━━━━━━━━━━━━━━━━━━━━━━━━━━━━━━━━━━━ 42.8/42.8 kB 1.9 MB/s eta 0:00:00
Collecting tzdata==2022.7
  Downloading tzdata-2022.7-py2.py3-none-any.whl (340 kB)
     ━━━━━━━━━━━━━━━━━━━━━━━━━━━━━━━━━━━━━━━ 340.1/340.1 kB 2.2 MB/s eta 0:00:00
Collecting whitenoise==6.3.0
  Downloading whitenoise-6.3.0-py3-none-any.whl (19 kB)
Requirement already satisfied: setuptools>=3.0 in /usr/local/lib/python3.9/site-packages (from gunicorn==20.1.0->-r requirements.txt (line 5)) (58.1.0)
Installing collected packages: pytz, whitenoise, tzdata, sqlparse, gunicorn, asgiref, Django, djangorestframework, django-cors-headers
Successfully installed Django-4.1.5 asgiref-3.6.0 django-cors-headers-3.13.0 djangorestframework-3.14.0 gunicorn-20.1.0 pytz-2022.7.1 sqlparse-0.4.3 tzdata-2022.7 whitenoise-6.3.0
WARNING: Running pip as the 'root' user can result in broken permissions and conflicting behaviour with the system package manager. It is recommended to use a virtual environment instead: https://pip.pypa.io/warnings/venv

[notice] A new release of pip is available: 23.0.1 -> 23.2
[notice] To update, run: pip install --upgrade pip
Removing intermediate container 546dbeba0d25
 ---> c213198fc084
Step 5/7 : COPY . /app/backend
 ---> c7c8593882d4
Step 6/7 : EXPOSE 8000
 ---> Running in 7a8ae4baed11
Removing intermediate container 7a8ae4baed11
 ---> 175e3fa3a28f
Step 7/7 : CMD python /app/backend/manage.py runserver 0.0.0.0:8000
 ---> Running in b489995f83c5
Removing intermediate container b489995f83c5
 ---> a0934ec3bc62
Successfully built a0934ec3bc62
Successfully tagged note-app:latest
ubuntu@ip-172-31-33-165:~/django-notes-app$ client_loop: send disconnect: Connection reset
PS C:\Users\Abhimanyu\Downloads> ssh -i "demo-django-key2.pem" ubuntu@ec2-16-171-140-146.eu-north-1.compute.amazonaws.com
Welcome to Ubuntu 22.04.2 LTS (GNU/Linux 5.19.0-1025-aws x86_64)

 * Documentation:  https://help.ubuntu.com
 * Management:     https://landscape.canonical.com
 * Support:        https://ubuntu.com/advantage

  System information as of Sun Jul 16 07:49:05 UTC 2023

  System load:  0.0               Processes:                104
  Usage of /:   41.2% of 7.57GB   Users logged in:          1
  Memory usage: 34%               IPv4 address for docker0: 172.17.0.1
  Swap usage:   0%                IPv4 address for ens5:    172.31.33.165


Expanded Security Maintenance for Applications is not enabled.

83 updates can be applied immediately.
50 of these updates are standard security updates.
To see these additional updates run: apt list --upgradable

Enable ESM Apps to receive additional future security updates.
See https://ubuntu.com/esm or run: sudo pro status


Last login: Sun Jul 16 07:33:28 2023 from 49.36.56.248
ubuntu@ip-172-31-33-165:~$ sudo apt update
sudo apt install
openjdk-17-jre
java -version
Hit:1 http://eu-north-1.ec2.archive.ubuntu.com/ubuntu jammy InRelease
Get:2 http://eu-north-1.ec2.archive.ubuntu.com/ubuntu jammy-updates InRelease [119 kB]
Hit:3 http://security.ubuntu.com/ubuntu jammy-security InRelease
Get:4 http://eu-north-1.ec2.archive.ubuntu.com/ubuntu jammy-backports InRelease [108 kB]
Fetched 226 kB in 1s (411 kB/s)
Reading package lists... Done
Building dependency tree... Done
Reading state information... Done
79 packages can be upgraded. Run 'apt list --upgradable' to see them.
Reading package lists... Done
Building dependency tree... Done
Reading state information... Done
0 upgraded, 0 newly installed, 0 to remove and 79 not upgraded.
openjdk-17-jre: command not found
Command 'java' not found, but can be installed with:
sudo apt install openjdk-11-jre-headless  # version 11.0.19+7~us1-0ubuntu1~22.04.1, or
sudo apt install default-jre              # version 2:1.11-72build2
sudo apt install openjdk-17-jre-headless  # version 17.0.7+7~us1-0ubuntu1~22.04.2
sudo apt install openjdk-18-jre-headless  # version 18.0.2+9-2~22.04
sudo apt install openjdk-19-jre-headless  # version 19.0.2+7-0ubuntu3~22.04
sudo apt install openjdk-8-jre-headless   # version 8u372-ga~us1-0ubuntu1~22.04
ubuntu@ip-172-31-33-165:~$ java -version
Command 'java' not found, but can be installed with:
sudo apt install openjdk-11-jre-headless  # version 11.0.19+7~us1-0ubuntu1~22.04.1, or
sudo apt install default-jre              # version 2:1.11-72build2
sudo apt install openjdk-17-jre-headless  # version 17.0.7+7~us1-0ubuntu1~22.04.2
sudo apt install openjdk-18-jre-headless  # version 18.0.2+9-2~22.04
sudo apt install openjdk-19-jre-headless  # version 19.0.2+7-0ubuntu3~22.04
sudo apt install openjdk-8-jre-headless   # version 8u372-ga~us1-0ubuntu1~22.04
ubuntu@ip-172-31-33-165:~$ java -version
Command 'java' not found, but can be installed with:
sudo apt install openjdk-11-jre-headless  # version 11.0.19+7~us1-0ubuntu1~22.04.1, or
sudo apt install default-jre              # version 2:1.11-72build2
sudo apt install openjdk-17-jre-headless  # version 17.0.7+7~us1-0ubuntu1~22.04.2
sudo apt install openjdk-18-jre-headless  # version 18.0.2+9-2~22.04
sudo apt install openjdk-19-jre-headless  # version 19.0.2+7-0ubuntu3~22.04
sudo apt install openjdk-8-jre-headless   # version 8u372-ga~us1-0ubuntu1~22.04
ubuntu@ip-172-31-33-165:~$ sudo apt update
sudo apt install
openjdk-17-jre
Hit:1 http://eu-north-1.ec2.archive.ubuntu.com/ubuntu jammy InRelease
Hit:2 http://eu-north-1.ec2.archive.ubuntu.com/ubuntu jammy-updates InRelease
Hit:3 http://security.ubuntu.com/ubuntu jammy-security InRelease
Get:4 http://eu-north-1.ec2.archive.ubuntu.com/ubuntu jammy-backports InRelease [108 kB]
Fetched 108 kB in 1s (158 kB/s)
Reading package lists... Done
Building dependency tree... Done
Reading state information... Done
79 packages can be upgraded. Run 'apt list --upgradable' to see them.
Reading package lists... Done
Building dependency tree... Done
Reading state information... Done
0 upgraded, 0 newly installed, 0 to remove and 79 not upgraded.
openjdk-17-jre: command not found
ubuntu@ip-172-31-33-165:~$ java -version
Command 'java' not found, but can be installed with:
sudo apt install openjdk-11-jre-headless  # version 11.0.19+7~us1-0ubuntu1~22.04.1, or
sudo apt install default-jre              # version 2:1.11-72build2
sudo apt install openjdk-17-jre-headless  # version 17.0.7+7~us1-0ubuntu1~22.04.2
sudo apt install openjdk-18-jre-headless  # version 18.0.2+9-2~22.04
sudo apt install openjdk-19-jre-headless  # version 19.0.2+7-0ubuntu3~22.04
sudo apt install openjdk-8-jre-headless   # version 8u372-ga~us1-0ubuntu1~22.04
ubuntu@ip-172-31-33-165:~$ java -version
Command 'java' not found, but can be installed with:
sudo apt install openjdk-11-jre-headless  # version 11.0.19+7~us1-0ubuntu1~22.04.1, or
sudo apt install default-jre              # version 2:1.11-72build2
sudo apt install openjdk-17-jre-headless  # version 17.0.7+7~us1-0ubuntu1~22.04.2
sudo apt install openjdk-18-jre-headless  # version 18.0.2+9-2~22.04
sudo apt install openjdk-19-jre-headless  # version 19.0.2+7-0ubuntu3~22.04
sudo apt install openjdk-8-jre-headless   # version 8u372-ga~us1-0ubuntu1~22.04
ubuntu@ip-172-31-33-165:~$ sudo apt update
Hit:1 http://eu-north-1.ec2.archive.ubuntu.com/ubuntu jammy InRelease
Hit:2 http://security.ubuntu.com/ubuntu jammy-security InRelease
Hit:3 http://eu-north-1.ec2.archive.ubuntu.com/ubuntu jammy-updates InRelease
Get:4 http://eu-north-1.ec2.archive.ubuntu.com/ubuntu jammy-backports InRelease [108 kB]
Fetched 108 kB in 1s (172 kB/s)
Reading package lists... Done
Building dependency tree... Done
Reading state information... Done
79 packages can be upgraded. Run 'apt list --upgradable' to see them.
ubuntu@ip-172-31-33-165:~$ sudo apt install openjdk-17-jdk -y
Reading package lists... Done
Building dependency tree... Done
Reading state information... Done
The following additional packages will be installed:
  adwaita-icon-theme alsa-topology-conf alsa-ucm-conf at-spi2-core ca-certificates-java dconf-gsettings-backend
  dconf-service fontconfig fontconfig-config fonts-dejavu-core fonts-dejavu-extra gsettings-desktop-schemas
  gtk-update-icon-cache hicolor-icon-theme humanity-icon-theme java-common libasound2 libasound2-data
  libatk-bridge2.0-0 libatk-wrapper-java libatk-wrapper-java-jni libatk1.0-0 libatk1.0-data libatspi2.0-0
  libavahi-client3 libavahi-common-data libavahi-common3 libcairo-gobject2 libcairo2 libcups2 libdatrie1 libdconf1
  libdeflate0 libdrm-amdgpu1 libdrm-intel1 libdrm-nouveau2 libdrm-radeon1 libfontconfig1 libfontenc1 libgail-common
  libgail18 libgdk-pixbuf-2.0-0 libgdk-pixbuf2.0-bin libgdk-pixbuf2.0-common libgif7 libgl1 libgl1-amber-dri
  libgl1-mesa-dri libglapi-mesa libglvnd0 libglx-mesa0 libglx0 libgraphite2-3 libgtk2.0-0 libgtk2.0-bin
  libgtk2.0-common libharfbuzz0b libice-dev libice6 libjbig0 libjpeg-turbo8 libjpeg8 liblcms2-2 libllvm15
  libpango-1.0-0 libpangocairo-1.0-0 libpangoft2-1.0-0 libpciaccess0 libpcsclite1 libpixman-1-0 libpthread-stubs0-dev
  librsvg2-2 librsvg2-common libsensors-config libsensors5 libsm-dev libsm6 libthai-data libthai0 libtiff5 libwebp7
  libx11-6 libx11-dev libx11-xcb1 libxau-dev libxaw7 libxcb-dri2-0 libxcb-dri3-0 libxcb-glx0 libxcb-present0
  libxcb-render0 libxcb-shape0 libxcb-shm0 libxcb-sync1 libxcb-xfixes0 libxcb1-dev libxcomposite1 libxcursor1
  libxdamage1 libxdmcp-dev libxfixes3 libxft2 libxi6 libxinerama1 libxkbfile1 libxmu6 libxpm4 libxrandr2 libxrender1
  libxshmfence1 libxt-dev libxt6 libxtst6 libxv1 libxxf86dga1 libxxf86vm1 openjdk-17-jdk-headless openjdk-17-jre
  openjdk-17-jre-headless session-migration ubuntu-mono x11-common x11-utils x11proto-dev xorg-sgml-doctools
  xtrans-dev
Suggested packages:
  default-jre libasound2-plugins alsa-utils cups-common gvfs libice-doc liblcms2-utils pcscd librsvg2-bin lm-sensors
  libsm-doc libx11-doc libxcb-doc libxt-doc openjdk-17-demo openjdk-17-source visualvm libnss-mdns
  fonts-ipafont-gothic fonts-ipafont-mincho fonts-wqy-microhei | fonts-wqy-zenhei fonts-indic mesa-utils
The following NEW packages will be installed:
  adwaita-icon-theme alsa-topology-conf alsa-ucm-conf at-spi2-core ca-certificates-java dconf-gsettings-backend
  dconf-service fontconfig fontconfig-config fonts-dejavu-core fonts-dejavu-extra gsettings-desktop-schemas
  gtk-update-icon-cache hicolor-icon-theme humanity-icon-theme java-common libasound2 libasound2-data
  libatk-bridge2.0-0 libatk-wrapper-java libatk-wrapper-java-jni libatk1.0-0 libatk1.0-data libatspi2.0-0
  libavahi-client3 libavahi-common-data libavahi-common3 libcairo-gobject2 libcairo2 libcups2 libdatrie1 libdconf1
  libdeflate0 libdrm-amdgpu1 libdrm-intel1 libdrm-nouveau2 libdrm-radeon1 libfontconfig1 libfontenc1 libgail-common
  libgail18 libgdk-pixbuf-2.0-0 libgdk-pixbuf2.0-bin libgdk-pixbuf2.0-common libgif7 libgl1 libgl1-amber-dri
  libgl1-mesa-dri libglapi-mesa libglvnd0 libglx-mesa0 libglx0 libgraphite2-3 libgtk2.0-0 libgtk2.0-bin
  libgtk2.0-common libharfbuzz0b libice-dev libice6 libjbig0 libjpeg-turbo8 libjpeg8 liblcms2-2 libllvm15
  libpango-1.0-0 libpangocairo-1.0-0 libpangoft2-1.0-0 libpciaccess0 libpcsclite1 libpixman-1-0 libpthread-stubs0-dev
  librsvg2-2 librsvg2-common libsensors-config libsensors5 libsm-dev libsm6 libthai-data libthai0 libtiff5 libwebp7
  libx11-dev libx11-xcb1 libxau-dev libxaw7 libxcb-dri2-0 libxcb-dri3-0 libxcb-glx0 libxcb-present0 libxcb-render0
  libxcb-shape0 libxcb-shm0 libxcb-sync1 libxcb-xfixes0 libxcb1-dev libxcomposite1 libxcursor1 libxdamage1
  libxdmcp-dev libxfixes3 libxft2 libxi6 libxinerama1 libxkbfile1 libxmu6 libxpm4 libxrandr2 libxrender1 libxshmfence1
  libxt-dev libxt6 libxtst6 libxv1 libxxf86dga1 libxxf86vm1 openjdk-17-jdk openjdk-17-jdk-headless openjdk-17-jre
  openjdk-17-jre-headless session-migration ubuntu-mono x11-common x11-utils x11proto-dev xorg-sgml-doctools
  xtrans-dev
The following packages will be upgraded:
  libx11-6
1 upgraded, 126 newly installed, 0 to remove and 78 not upgraded.
Need to get 182 MB of archives.
After this operation, 525 MB of additional disk space will be used.
Get:1 http://eu-north-1.ec2.archive.ubuntu.com/ubuntu jammy-updates/main amd64 libx11-6 amd64 2:1.7.5-1ubuntu0.2 [666 kB]
Get:2 http://eu-north-1.ec2.archive.ubuntu.com/ubuntu jammy/main amd64 hicolor-icon-theme all 0.17-2 [9976 B]
Get:3 http://eu-north-1.ec2.archive.ubuntu.com/ubuntu jammy-updates/main amd64 libgdk-pixbuf2.0-common all 2.42.8+dfsg-1ubuntu0.2 [5530 B]
Get:4 http://eu-north-1.ec2.archive.ubuntu.com/ubuntu jammy/main amd64 libjpeg-turbo8 amd64 2.1.2-0ubuntu1 [134 kB]
Get:5 http://eu-north-1.ec2.archive.ubuntu.com/ubuntu jammy/main amd64 libjpeg8 amd64 8c-2ubuntu10 [2264 B]
Get:6 http://eu-north-1.ec2.archive.ubuntu.com/ubuntu jammy/main amd64 libdeflate0 amd64 1.10-2 [70.9 kB]
Get:7 http://eu-north-1.ec2.archive.ubuntu.com/ubuntu jammy-updates/main amd64 libjbig0 amd64 2.1-3.1ubuntu0.22.04.1 [29.2 kB]
Get:8 http://eu-north-1.ec2.archive.ubuntu.com/ubuntu jammy-updates/main amd64 libwebp7 amd64 1.2.2-2ubuntu0.22.04.1 [206 kB]
Get:9 http://eu-north-1.ec2.archive.ubuntu.com/ubuntu jammy-updates/main amd64 libtiff5 amd64 4.3.0-6ubuntu0.4 [183 kB]
Get:10 http://eu-north-1.ec2.archive.ubuntu.com/ubuntu jammy-updates/main amd64 libgdk-pixbuf-2.0-0 amd64 2.42.8+dfsg-1ubuntu0.2 [148 kB]
Get:11 http://eu-north-1.ec2.archive.ubuntu.com/ubuntu jammy-updates/main amd64 gtk-update-icon-cache amd64 3.24.33-1ubuntu2 [31.4 kB]
Get:12 http://eu-north-1.ec2.archive.ubuntu.com/ubuntu jammy/main amd64 humanity-icon-theme all 0.6.16 [1282 kB]
Get:13 http://eu-north-1.ec2.archive.ubuntu.com/ubuntu jammy/main amd64 ubuntu-mono all 20.10-0ubuntu2 [153 kB]
Get:14 http://eu-north-1.ec2.archive.ubuntu.com/ubuntu jammy/main amd64 adwaita-icon-theme all 41.0-1ubuntu1 [3444 kB]
Get:15 http://eu-north-1.ec2.archive.ubuntu.com/ubuntu jammy/main amd64 alsa-topology-conf all 1.2.5.1-2 [15.5 kB]
Get:16 http://eu-north-1.ec2.archive.ubuntu.com/ubuntu jammy/main amd64 libasound2-data all 1.2.6.1-1ubuntu1 [19.1 kB]
Get:17 http://eu-north-1.ec2.archive.ubuntu.com/ubuntu jammy/main amd64 libasound2 amd64 1.2.6.1-1ubuntu1 [390 kB]
Get:18 http://eu-north-1.ec2.archive.ubuntu.com/ubuntu jammy-updates/main amd64 alsa-ucm-conf all 1.2.6.3-1ubuntu1.7 [41.8 kB]
Get:19 http://eu-north-1.ec2.archive.ubuntu.com/ubuntu jammy/main amd64 libxi6 amd64 2:1.8-1build1 [32.6 kB]
Get:20 http://eu-north-1.ec2.archive.ubuntu.com/ubuntu jammy/main amd64 libatspi2.0-0 amd64 2.44.0-3 [80.9 kB]
Get:21 http://eu-north-1.ec2.archive.ubuntu.com/ubuntu jammy/main amd64 x11-common all 1:7.7+23ubuntu2 [23.4 kB]
Get:22 http://eu-north-1.ec2.archive.ubuntu.com/ubuntu jammy/main amd64 libxtst6 amd64 2:1.2.3-1build4 [13.4 kB]
Get:23 http://eu-north-1.ec2.archive.ubuntu.com/ubuntu jammy/main amd64 libdconf1 amd64 0.40.0-3 [40.5 kB]
Get:24 http://eu-north-1.ec2.archive.ubuntu.com/ubuntu jammy/main amd64 dconf-service amd64 0.40.0-3 [28.5 kB]
Get:25 http://eu-north-1.ec2.archive.ubuntu.com/ubuntu jammy/main amd64 dconf-gsettings-backend amd64 0.40.0-3 [22.8 kB]Get:26 http://eu-north-1.ec2.archive.ubuntu.com/ubuntu jammy/main amd64 session-migration amd64 0.3.6 [9774 B]
Get:27 http://eu-north-1.ec2.archive.ubuntu.com/ubuntu jammy/main amd64 gsettings-desktop-schemas all 42.0-1ubuntu1 [31.1 kB]
Get:28 http://eu-north-1.ec2.archive.ubuntu.com/ubuntu jammy/main amd64 at-spi2-core amd64 2.44.0-3 [54.4 kB]
Get:29 http://eu-north-1.ec2.archive.ubuntu.com/ubuntu jammy/main amd64 java-common all 0.72build2 [6782 B]
Get:30 http://eu-north-1.ec2.archive.ubuntu.com/ubuntu jammy-updates/main amd64 libavahi-common-data amd64 0.8-5ubuntu5.1 [23.5 kB]
Get:31 http://eu-north-1.ec2.archive.ubuntu.com/ubuntu jammy-updates/main amd64 libavahi-common3 amd64 0.8-5ubuntu5.1 [23.7 kB]
Get:32 http://eu-north-1.ec2.archive.ubuntu.com/ubuntu jammy-updates/main amd64 libavahi-client3 amd64 0.8-5ubuntu5.1 [28.0 kB]
Get:33 http://eu-north-1.ec2.archive.ubuntu.com/ubuntu jammy-updates/main amd64 libcups2 amd64 2.4.1op1-1ubuntu4.4 [264 kB]
Get:34 http://eu-north-1.ec2.archive.ubuntu.com/ubuntu jammy/main amd64 liblcms2-2 amd64 2.12~rc1-2build2 [159 kB]
Get:35 http://eu-north-1.ec2.archive.ubuntu.com/ubuntu jammy/main amd64 fonts-dejavu-core all 2.37-2build1 [1041 kB]
Get:36 http://eu-north-1.ec2.archive.ubuntu.com/ubuntu jammy/main amd64 fontconfig-config all 2.13.1-4.2ubuntu5 [29.1 kB]
Get:37 http://eu-north-1.ec2.archive.ubuntu.com/ubuntu jammy/main amd64 libfontconfig1 amd64 2.13.1-4.2ubuntu5 [131 kB]
Get:38 http://eu-north-1.ec2.archive.ubuntu.com/ubuntu jammy/main amd64 libgraphite2-3 amd64 1.3.14-1build2 [71.3 kB]
Get:39 http://eu-north-1.ec2.archive.ubuntu.com/ubuntu jammy-updates/main amd64 libharfbuzz0b amd64 2.7.4-1ubuntu3.1 [352 kB]
Get:40 http://eu-north-1.ec2.archive.ubuntu.com/ubuntu jammy/main amd64 libpcsclite1 amd64 1.9.5-3 [19.9 kB]
Get:41 http://eu-north-1.ec2.archive.ubuntu.com/ubuntu jammy-updates/universe amd64 openjdk-17-jre-headless amd64 17.0.7+7~us1-0ubuntu1~22.04.2 [48.3 MB]
Get:42 http://eu-north-1.ec2.archive.ubuntu.com/ubuntu jammy-updates/main amd64 ca-certificates-java all 20190909ubuntu1.2 [12.1 kB]
Get:43 http://eu-north-1.ec2.archive.ubuntu.com/ubuntu jammy/main amd64 fontconfig amd64 2.13.1-4.2ubuntu5 [177 kB]
Get:44 http://eu-north-1.ec2.archive.ubuntu.com/ubuntu jammy/main amd64 fonts-dejavu-extra all 2.37-2build1 [2041 kB]
Get:45 http://eu-north-1.ec2.archive.ubuntu.com/ubuntu jammy/main amd64 libatk1.0-data all 2.36.0-3build1 [2824 B]
Get:46 http://eu-north-1.ec2.archive.ubuntu.com/ubuntu jammy/main amd64 libatk1.0-0 amd64 2.36.0-3build1 [51.9 kB]
Get:47 http://eu-north-1.ec2.archive.ubuntu.com/ubuntu jammy/main amd64 libatk-bridge2.0-0 amd64 2.38.0-3 [66.6 kB]
Get:48 http://eu-north-1.ec2.archive.ubuntu.com/ubuntu jammy/main amd64 libfontenc1 amd64 1:1.1.4-1build3 [14.7 kB]
Get:49 http://eu-north-1.ec2.archive.ubuntu.com/ubuntu jammy/main amd64 libglvnd0 amd64 1.4.0-1 [73.6 kB]
Get:50 http://eu-north-1.ec2.archive.ubuntu.com/ubuntu jammy-updates/main amd64 libglapi-mesa amd64 22.2.5-0ubuntu0.1~22.04.3 [35.5 kB]
Get:51 http://eu-north-1.ec2.archive.ubuntu.com/ubuntu jammy-updates/main amd64 libx11-xcb1 amd64 2:1.7.5-1ubuntu0.2 [7800 B]
Get:52 http://eu-north-1.ec2.archive.ubuntu.com/ubuntu jammy/main amd64 libxcb-dri2-0 amd64 1.14-3ubuntu3 [7206 B]
Get:53 http://eu-north-1.ec2.archive.ubuntu.com/ubuntu jammy/main amd64 libxcb-dri3-0 amd64 1.14-3ubuntu3 [6968 B]
Get:54 http://eu-north-1.ec2.archive.ubuntu.com/ubuntu jammy/main amd64 libxcb-glx0 amd64 1.14-3ubuntu3 [25.9 kB]
Get:55 http://eu-north-1.ec2.archive.ubuntu.com/ubuntu jammy/main amd64 libxcb-present0 amd64 1.14-3ubuntu3 [5734 B]
Get:56 http://eu-north-1.ec2.archive.ubuntu.com/ubuntu jammy/main amd64 libxcb-shm0 amd64 1.14-3ubuntu3 [5780 B]
Get:57 http://eu-north-1.ec2.archive.ubuntu.com/ubuntu jammy/main amd64 libxcb-sync1 amd64 1.14-3ubuntu3 [9416 B]
Get:58 http://eu-north-1.ec2.archive.ubuntu.com/ubuntu jammy/main amd64 libxcb-xfixes0 amd64 1.14-3ubuntu3 [9996 B]
Get:59 http://eu-north-1.ec2.archive.ubuntu.com/ubuntu jammy/main amd64 libxfixes3 amd64 1:6.0.0-1 [11.7 kB]
Get:60 http://eu-north-1.ec2.archive.ubuntu.com/ubuntu jammy/main amd64 libxshmfence1 amd64 1.3-1build4 [5394 B]
Get:61 http://eu-north-1.ec2.archive.ubuntu.com/ubuntu jammy/main amd64 libxxf86vm1 amd64 1:1.1.4-1build3 [10.4 kB]
Get:62 http://eu-north-1.ec2.archive.ubuntu.com/ubuntu jammy-updates/main amd64 libdrm-amdgpu1 amd64 2.4.113-2~ubuntu0.22.04.1 [19.9 kB]
Get:63 http://eu-north-1.ec2.archive.ubuntu.com/ubuntu jammy-updates/main amd64 libdrm-nouveau2 amd64 2.4.113-2~ubuntu0.22.04.1 [17.5 kB]
Get:64 http://eu-north-1.ec2.archive.ubuntu.com/ubuntu jammy-updates/main amd64 libdrm-radeon1 amd64 2.4.113-2~ubuntu0.22.04.1 [21.6 kB]
Get:65 http://eu-north-1.ec2.archive.ubuntu.com/ubuntu jammy-updates/main amd64 libllvm15 amd64 1:15.0.7-0ubuntu0.22.04.2 [25.4 MB]
Get:66 http://eu-north-1.ec2.archive.ubuntu.com/ubuntu jammy/main amd64 libsensors-config all 1:3.6.0-7ubuntu1 [5274 B]
Get:67 http://eu-north-1.ec2.archive.ubuntu.com/ubuntu jammy/main amd64 libsensors5 amd64 1:3.6.0-7ubuntu1 [26.3 kB]
Get:68 http://eu-north-1.ec2.archive.ubuntu.com/ubuntu jammy-updates/main amd64 libgl1-mesa-dri amd64 22.2.5-0ubuntu0.1~22.04.3 [7511 kB]
Get:69 http://eu-north-1.ec2.archive.ubuntu.com/ubuntu jammy-updates/main amd64 libglx-mesa0 amd64 22.2.5-0ubuntu0.1~22.04.3 [158 kB]
Get:70 http://eu-north-1.ec2.archive.ubuntu.com/ubuntu jammy/main amd64 libglx0 amd64 1.4.0-1 [41.0 kB]
Get:71 http://eu-north-1.ec2.archive.ubuntu.com/ubuntu jammy/main amd64 libgl1 amd64 1.4.0-1 [110 kB]
Get:72 http://eu-north-1.ec2.archive.ubuntu.com/ubuntu jammy/main amd64 libice6 amd64 2:1.0.10-1build2 [42.6 kB]
Get:73 http://eu-north-1.ec2.archive.ubuntu.com/ubuntu jammy/main amd64 libsm6 amd64 2:1.2.3-1build2 [16.7 kB]
Get:74 http://eu-north-1.ec2.archive.ubuntu.com/ubuntu jammy/main amd64 libxt6 amd64 1:1.2.1-1 [177 kB]
Get:75 http://eu-north-1.ec2.archive.ubuntu.com/ubuntu jammy/main amd64 libxmu6 amd64 2:1.1.3-3 [49.6 kB]
Get:76 http://eu-north-1.ec2.archive.ubuntu.com/ubuntu jammy-updates/main amd64 libxpm4 amd64 1:3.5.12-1ubuntu0.22.04.1 [36.4 kB]
Get:77 http://eu-north-1.ec2.archive.ubuntu.com/ubuntu jammy/main amd64 libxaw7 amd64 2:1.0.14-1 [191 kB]
Get:78 http://eu-north-1.ec2.archive.ubuntu.com/ubuntu jammy/main amd64 libxcb-shape0 amd64 1.14-3ubuntu3 [6158 B]
Get:79 http://eu-north-1.ec2.archive.ubuntu.com/ubuntu jammy/main amd64 libxcomposite1 amd64 1:0.4.5-1build2 [7192 B]
Get:80 http://eu-north-1.ec2.archive.ubuntu.com/ubuntu jammy/main amd64 libxrender1 amd64 1:0.9.10-1build4 [19.7 kB]
Get:81 http://eu-north-1.ec2.archive.ubuntu.com/ubuntu jammy/main amd64 libxft2 amd64 2.3.4-1 [41.8 kB]
Get:82 http://eu-north-1.ec2.archive.ubuntu.com/ubuntu jammy/main amd64 libxinerama1 amd64 2:1.1.4-3 [7382 B]
Get:83 http://eu-north-1.ec2.archive.ubuntu.com/ubuntu jammy/main amd64 libxkbfile1 amd64 1:1.1.0-1build3 [71.8 kB]
Get:84 http://eu-north-1.ec2.archive.ubuntu.com/ubuntu jammy/main amd64 libxrandr2 amd64 2:1.5.2-1build1 [20.4 kB]
Get:85 http://eu-north-1.ec2.archive.ubuntu.com/ubuntu jammy/main amd64 libxv1 amd64 2:1.0.11-1build2 [11.2 kB]
Get:86 http://eu-north-1.ec2.archive.ubuntu.com/ubuntu jammy/main amd64 libxxf86dga1 amd64 2:1.1.5-0ubuntu3 [12.6 kB]
Get:87 http://eu-north-1.ec2.archive.ubuntu.com/ubuntu jammy/main amd64 x11-utils amd64 7.7+5build2 [206 kB]
Get:88 http://eu-north-1.ec2.archive.ubuntu.com/ubuntu jammy/main amd64 libatk-wrapper-java all 0.38.0-5build1 [53.1 kB]Get:89 http://eu-north-1.ec2.archive.ubuntu.com/ubuntu jammy/main amd64 libatk-wrapper-java-jni amd64 0.38.0-5build1 [49.0 kB]
Get:90 http://eu-north-1.ec2.archive.ubuntu.com/ubuntu jammy-updates/main amd64 libpixman-1-0 amd64 0.40.0-1ubuntu0.22.04.1 [264 kB]
Get:91 http://eu-north-1.ec2.archive.ubuntu.com/ubuntu jammy/main amd64 libxcb-render0 amd64 1.14-3ubuntu3 [16.4 kB]
Get:92 http://eu-north-1.ec2.archive.ubuntu.com/ubuntu jammy/main amd64 libcairo2 amd64 1.16.0-5ubuntu2 [628 kB]
Get:93 http://eu-north-1.ec2.archive.ubuntu.com/ubuntu jammy/main amd64 libcairo-gobject2 amd64 1.16.0-5ubuntu2 [19.4 kB]
Get:94 http://eu-north-1.ec2.archive.ubuntu.com/ubuntu jammy/main amd64 libdatrie1 amd64 0.2.13-2 [19.9 kB]
Get:95 http://eu-north-1.ec2.archive.ubuntu.com/ubuntu jammy/main amd64 libpciaccess0 amd64 0.16-3 [19.1 kB]
Get:96 http://eu-north-1.ec2.archive.ubuntu.com/ubuntu jammy-updates/main amd64 libdrm-intel1 amd64 2.4.113-2~ubuntu0.22.04.1 [66.7 kB]
Get:97 http://eu-north-1.ec2.archive.ubuntu.com/ubuntu jammy/main amd64 libgtk2.0-common all 2.24.33-2ubuntu2 [125 kB]
Get:98 http://eu-north-1.ec2.archive.ubuntu.com/ubuntu jammy/main amd64 libthai-data all 0.1.29-1build1 [162 kB]
Get:99 http://eu-north-1.ec2.archive.ubuntu.com/ubuntu jammy/main amd64 libthai0 amd64 0.1.29-1build1 [19.2 kB]
Get:100 http://eu-north-1.ec2.archive.ubuntu.com/ubuntu jammy-updates/main amd64 libpango-1.0-0 amd64 1.50.6+ds-2ubuntu1 [230 kB]
Get:101 http://eu-north-1.ec2.archive.ubuntu.com/ubuntu jammy-updates/main amd64 libpangoft2-1.0-0 amd64 1.50.6+ds-2ubuntu1 [54.0 kB]
Get:102 http://eu-north-1.ec2.archive.ubuntu.com/ubuntu jammy-updates/main amd64 libpangocairo-1.0-0 amd64 1.50.6+ds-2ubuntu1 [39.8 kB]
Get:103 http://eu-north-1.ec2.archive.ubuntu.com/ubuntu jammy/main amd64 libxcursor1 amd64 1:1.2.0-2build4 [20.9 kB]
Get:104 http://eu-north-1.ec2.archive.ubuntu.com/ubuntu jammy/main amd64 libxdamage1 amd64 1:1.1.5-2build2 [7154 B]
Get:105 http://eu-north-1.ec2.archive.ubuntu.com/ubuntu jammy/main amd64 libgtk2.0-0 amd64 2.24.33-2ubuntu2 [2037 kB]
Get:106 http://eu-north-1.ec2.archive.ubuntu.com/ubuntu jammy/main amd64 libgail18 amd64 2.24.33-2ubuntu2 [15.9 kB]
Get:107 http://eu-north-1.ec2.archive.ubuntu.com/ubuntu jammy/main amd64 libgail-common amd64 2.24.33-2ubuntu2 [132 kB]
Get:108 http://eu-north-1.ec2.archive.ubuntu.com/ubuntu jammy-updates/main amd64 libgdk-pixbuf2.0-bin amd64 2.42.8+dfsg-update-alternatives: using /usr/lib/jvm/java-17-openjdk-amd64/bin/jstatd to provide /usr/bin/jstatd (jstatd) in auto mode
update-alternatives: using /usr/lib/jvm/java-17-openjdk-amd64/bin/serialver to provide /usr/bin/serialver (serialver) in auto mode
update-alternatives: using /usr/lib/jvm/java-17-openjdk-amd64/bin/jhsdb to provide /usr/bin/jhsdb (jhsdb) in auto mode
Setting up libgtk2.0-0:amd64 (2.24.33-2ubuntu2) ...
Setting up humanity-icon-theme (0.6.16) ...
Setting up libgail18:amd64 (2.24.33-2ubuntu2) ...
Setting up libgtk2.0-bin (2.24.33-2ubuntu2) ...
Setting up libgail-common:amd64 (2.24.33-2ubuntu2) ...
Setting up openjdk-17-jre:amd64 (17.0.7+7~us1-0ubuntu1~22.04.2) ...
Setting up ubuntu-mono (20.10-0ubuntu2) ...
Setting up openjdk-17-jdk:amd64 (17.0.7+7~us1-0ubuntu1~22.04.2) ...
update-alternatives: using /usr/lib/jvm/java-17-openjdk-amd64/bin/jconsole to provide /usr/bin/jconsole (jconsole) in auto mode
Processing triggers for ca-certificates (20211016ubuntu0.22.04.1) ...
Updating certificates in /etc/ssl/certs...
0 added, 0 removed; done.
Running hooks in /etc/ca-certificates/update.d...

done.
done.
Processing triggers for libglib2.0-0:amd64 (2.72.4-0ubuntu2) ...
Processing triggers for libc-bin (2.35-0ubuntu3.1) ...
Processing triggers for man-db (2.10.2-1) ...
Setting up at-spi2-core (2.44.0-3) ...
Processing triggers for libgdk-pixbuf-2.0-0:amd64 (2.42.8+dfsg-1ubuntu0.2) ...
Scanning processes...
Scanning linux images...

Running kernel seems to be up-to-date.

No services need to be restarted.

No containers need to be restarted.

No user sessions are running outdated binaries.

No VM guests are running outdated hypervisor (qemu) binaries on this host.
ubuntu@ip-172-31-33-165:~$ java -version
openjdk version "17.0.7" 2023-04-18
OpenJDK Runtime Environment (build 17.0.7+7-Ubuntu-0ubuntu122.04.2)
OpenJDK 64-Bit Server VM (build 17.0.7+7-Ubuntu-0ubuntu122.04.2, mixed mode, sharing)
ubuntu@ip-172-31-33-165:~$ curl -fsSL https://pkg.jenkins.io/debian-stable/jenkins.io.key | sudo tee /usr/share/keyrings/jenkins-keyring.asc > /dev/null
ubuntu@ip-172-31-33-165:~$ echo deb [signed-by=/usr/share/keyrings/jenkins-keyring.asc] https://pkg.jenkins.io/debian-stable binary/ | sudo tee /etc/apt/sources.list.d/jenkins.list > /dev/null
ubuntu@ip-172-31-33-165:~$ sudo apt update
Hit:1 http://eu-north-1.ec2.archive.ubuntu.com/ubuntu jammy InRelease
Ign:2 https://pkg.jenkins.io/debian-stable binary/ InRelease
Get:3 https://pkg.jenkins.io/debian-stable binary/ Release [2044 B]
Hit:4 http://eu-north-1.ec2.archive.ubuntu.com/ubuntu jammy-updates InRelease
Get:5 https://pkg.jenkins.io/debian-stable binary/ Release.gpg [833 B]
Get:6 http://eu-north-1.ec2.archive.ubuntu.com/ubuntu jammy-backports InRelease [108 kB]
Hit:7 http://security.ubuntu.com/ubuntu jammy-security InRelease
Ign:5 https://pkg.jenkins.io/debian-stable binary/ Release.gpg
Reading package lists... Done
W: GPG error: https://pkg.jenkins.io/debian-stable binary/ Release: The following signatures couldn't be verified because the public key is not available: NO_PUBKEY 5BA31D57EF5975CA
E: The repository 'https://pkg.jenkins.io/debian-stable binary/ Release' is not signed.
N: Updating from such a repository can't be done securely, and is therefore disabled by default.
N: See apt-secure(8) manpage for repository creation and user configuration details.
ubuntu@ip-172-31-33-165:~$ sudo apt install jenkins -y
Reading package lists... Done
Building dependency tree... Done
Reading state information... Done
Package jenkins is not available, but is referred to by another package.
This may mean that the package is missing, has been obsoleted, or
is only available from another source

E: Package 'jenkins' has no installation candidate
ubuntu@ip-172-31-33-165:~$ sudo systemctl status jenkins
Unit jenkins.service could not be found.
ubuntu@ip-172-31-33-165:~$ sudo apt install jenkins
Reading package lists... Done
Building dependency tree... Done
Reading state information... Done
Package jenkins is not available, but is referred to by another package.
This may mean that the package is missing, has been obsoleted, or
is only available from another source

E: Package 'jenkins' has no installation candidate
ubuntu@ip-172-31-33-165:~$ curl -fsSL https://pkg.jenkins.io/debianstable/jenkins.io-2023.key | sudo tee \
 /usr/share/keyrings/jenkins-keyring.asc >
/dev/null
echo deb [signed-by=/usr/share/keyrings/jenkinskeyring.asc] \
 https://pkg.jenkins.io/debian-stable binary/ |
sudo tee \
 /etc/apt/sources.list.d/jenkins.list > /dev/null
sudo apt-get update
sudo apt-get install jenkins
-bash: syntax error near unexpected token `newline'
-bash: /dev/null: Permission denied
Hit:1 http://eu-north-1.ec2.archive.ubuntu.com/ubuntu jammy InRelease
Ign:2 https://pkg.jenkins.io/debian-stable binary/ InRelease
Get:3 https://pkg.jenkins.io/debian-stable binary/ Release [2044 B]
Get:4 https://pkg.jenkins.io/debian-stable binary/ Release.gpg [833 B]
Hit:5 http://eu-north-1.ec2.archive.ubuntu.com/ubuntu jammy-updates InRelease
Get:6 http://eu-north-1.ec2.archive.ubuntu.com/ubuntu jammy-backports InRelease [108 kB]
Hit:7 http://security.ubuntu.com/ubuntu jammy-security InRelease
Ign:4 https://pkg.jenkins.io/debian-stable binary/ Release.gpg
Reading package lists... Done
W: GPG error: https://pkg.jenkins.io/debian-stable binary/ Release: The following signatures couldn't be verified because the public key is not available: NO_PUBKEY 5BA31D57EF5975CA
E: The repository 'https://pkg.jenkins.io/debian-stable binary/ Release' is not signed.
N: Updating from such a repository can't be done securely, and is therefore disabled by default.
N: See apt-secure(8) manpage for repository creation and user configuration details.
Reading package lists... Done
Building dependency tree... Done
Reading state information... Done
Package jenkins is not available, but is referred to by another package.
This may mean that the package is missing, has been obsoleted, or
is only available from another source

E: Package 'jenkins' has no installation candidate
ubuntu@ip-172-31-33-165:~$ sudo apt update
sudo apt install
openjdk-17-jre
java -version
Hit:1 http://security.ubuntu.com/ubuntu jammy-security InRelease
Ign:2 https://pkg.jenkins.io/debian-stable binary/ InRelease
Get:3 https://pkg.jenkins.io/debian-stable binary/ Release [2044 B]
Get:4 https://pkg.jenkins.io/debian-stable binary/ Release.gpg [833 B]
Hit:5 http://eu-north-1.ec2.archive.ubuntu.com/ubuntu jammy InRelease
Hit:6 http://eu-north-1.ec2.archive.ubuntu.com/ubuntu jammy-updates InRelease
Get:7 http://eu-north-1.ec2.archive.ubuntu.com/ubuntu jammy-backports InRelease [108 kB]
Ign:4 https://pkg.jenkins.io/debian-stable binary/ Release.gpg
Reading package lists... Done
W: GPG error: https://pkg.jenkins.io/debian-stable binary/ Release: The following signatures couldn't be verified because the public key is not available: NO_PUBKEY 5BA31D57EF5975CA
E: The repository 'https://pkg.jenkins.io/debian-stable binary/ Release' is not signed.
N: Updating from such a repository can't be done securely, and is therefore disabled by default.
N: See apt-secure(8) manpage for repository creation and user configuration details.
Reading package lists... Done
Building dependency tree... Done
Reading state information... Done
0 upgraded, 0 newly installed, 0 to remove and 78 not upgraded.
openjdk-17-jre: command not found
openjdk version "17.0.7" 2023-04-18
OpenJDK Runtime Environment (build 17.0.7+7-Ubuntu-0ubuntu122.04.2)
OpenJDK 64-Bit Server VM (build 17.0.7+7-Ubuntu-0ubuntu122.04.2, mixed mode, sharing)
ubuntu@ip-172-31-33-165:~$ curl -fsSL https://pkg.jenkins.io/debianstable/jenkins.io-2023.key | sudo tee \
 /usr/share/keyrings/jenkins-keyring.asc >
/dev/null
echo deb [signed-by=/usr/share/keyrings/jenkinskeyring.asc] \
 https://pkg.jenkins.io/debian-stable binary/ |
sudo tee \
 /etc/apt/sources.list.d/jenkins.list > /dev/null
sudo apt-get update
sudo apt-get install jenkins
-bash: syntax error near unexpected token `newline'
-bash: /dev/null: Permission denied
Hit:1 http://eu-north-1.ec2.archive.ubuntu.com/ubuntu jammy InRelease
Ign:2 https://pkg.jenkins.io/debian-stable binary/ InRelease
Get:3 https://pkg.jenkins.io/debian-stable binary/ Release [2044 B]
Hit:4 http://eu-north-1.ec2.archive.ubuntu.com/ubuntu jammy-updates InRelease
Get:5 https://pkg.jenkins.io/debian-stable binary/ Release.gpg [833 B]
Get:6 http://eu-north-1.ec2.archive.ubuntu.com/ubuntu jammy-backports InRelease [108 kB]
Hit:7 http://security.ubuntu.com/ubuntu jammy-security InRelease
Ign:5 https://pkg.jenkins.io/debian-stable binary/ Release.gpg
Reading package lists... Done
W: GPG error: https://pkg.jenkins.io/debian-stable binary/ Release: The following signatures couldn't be verified because the public key is not available: NO_PUBKEY 5BA31D57EF5975CA
E: The repository 'https://pkg.jenkins.io/debian-stable binary/ Release' is not signed.
N: Updating from such a repository can't be done securely, and is therefore disabled by default.
N: See apt-secure(8) manpage for repository creation and user configuration details.
Reading package lists... Done
Building dependency tree... Done
Reading state information... Done
Package jenkins is not available, but is referred to by another package.
This may mean that the package is missing, has been obsoleted, or
Fetched 117 MB in 5s (24.8 MB/s)
Selecting previously unselected package openjdk-11-jre-headless:amd64.
(Reading database ... 80970 files and directories currently installed.)
Preparing to unpack .../openjdk-11-jre-headless_11.0.19+7~us1-0ubuntu1~22.04.1_amd64.deb ...
Unpacking openjdk-11-jre-headless:amd64 (11.0.19+7~us1-0ubuntu1~22.04.1) ...
Selecting previously unselected package openjdk-11-jre:amd64.
Preparing to unpack .../openjdk-11-jre_11.0.19+7~us1-0ubuntu1~22.04.1_amd64.deb ...
Unpacking openjdk-11-jre:amd64 (11.0.19+7~us1-0ubuntu1~22.04.1) ...
Selecting previously unselected package openjdk-11-jdk-headless:amd64.
Preparing to unpack .../openjdk-11-jdk-headless_11.0.19+7~us1-0ubuntu1~22.04.1_amd64.deb ...
Unpacking openjdk-11-jdk-headless:amd64 (11.0.19+7~us1-0ubuntu1~22.04.1) ...
Selecting previously unselected package openjdk-11-jdk:amd64.
Preparing to unpack .../openjdk-11-jdk_11.0.19+7~us1-0ubuntu1~22.04.1_amd64.deb ...
Unpacking openjdk-11-jdk:amd64 (11.0.19+7~us1-0ubuntu1~22.04.1) ...
Setting up openjdk-11-jre-headless:amd64 (11.0.19+7~us1-0ubuntu1~22.04.1) ...
update-alternatives: using /usr/lib/jvm/java-11-openjdk-amd64/bin/jjs to provide /usr/bin/jjs (jjs) in auto mode
update-alternatives: using /usr/lib/jvm/java-11-openjdk-amd64/bin/rmid to provide /usr/bin/rmid (rmid) in auto mode
update-alternatives: using /usr/lib/jvm/java-11-openjdk-amd64/bin/pack200 to provide /usr/bin/pack200 (pack200) in auto mode
update-alternatives: using /usr/lib/jvm/java-11-openjdk-amd64/bin/unpack200 to provide /usr/bin/unpack200 (unpack200) in auto mode
Setting up openjdk-11-jre:amd64 (11.0.19+7~us1-0ubuntu1~22.04.1) ...
Setting up openjdk-11-jdk-headless:amd64 (11.0.19+7~us1-0ubuntu1~22.04.1) ...
update-alternatives: using /usr/lib/jvm/java-11-openjdk-amd64/bin/rmic to provide /usr/bin/rmic (rmic) in auto mode
update-alternatives: using /usr/lib/jvm/java-11-openjdk-amd64/bin/jaotc to provide /usr/bin/jaotc (jaotc) in auto mode
Setting up openjdk-11-jdk:amd64 (11.0.19+7~us1-0ubuntu1~22.04.1) ...
Processing triggers for hicolor-icon-theme (0.17-2) ...
Scanning processes...
Scanning linux images...

Running kernel seems to be up-to-date.

No services need to be restarted.

No containers need to be restarted.

No user sessions are running outdated binaries.

No VM guests are running outdated hypervisor (qemu) binaries on this host.
ubuntu@ip-172-31-33-165:~$ curl -fsSL https://pkg.jenkins.io/debianstable/jenkins.io-2023.key | sudo tee \
 /usr/share/keyrings/jenkins-keyring.asc >
/dev/null
echo deb [signed-by=/usr/share/keyrings/jenkinskeyring.asc] \
 https://pkg.jenkins.io/debian-stable binary/ |
sudo tee \
 /etc/apt/sources.list.d/jenkins.list > /dev/null
sudo apt-get update
sudo apt-get install jenkins
-bash: syntax error near unexpected token `newline'
-bash: /dev/null: Permission denied
Ign:1 https://pkg.jenkins.io/debian-stable binary/ InRelease
Hit:2 http://eu-north-1.ec2.archive.ubuntu.com/ubuntu jammy InRelease
Get:3 https://pkg.jenkins.io/debian-stable binary/ Release [2044 B]
Get:4 https://pkg.jenkins.io/debian-stable binary/ Release.gpg [833 B]
Hit:5 http://eu-north-1.ec2.archive.ubuntu.com/ubuntu jammy-updates InRelease
Get:6 http://eu-north-1.ec2.archive.ubuntu.com/ubuntu jammy-backports InRelease [108 kB]
Hit:7 http://security.ubuntu.com/ubuntu jammy-security InRelease
Ign:4 https://pkg.jenkins.io/debian-stable binary/ Release.gpg
Reading package lists... Done
W: GPG error: https://pkg.jenkins.io/debian-stable binary/ Release: The following signatures couldn't be verified because the public key is not available: NO_PUBKEY 5BA31D57EF5975CA
E: The repository 'https://pkg.jenkins.io/debian-stable binary/ Release' is not signed.
N: Updating from such a repository can't be done securely, and is therefore disabled by default.
N: See apt-secure(8) manpage for repository creation and user configuration details.
Reading package lists... Done
Building dependency tree... Done
Reading state information... Done
Package jenkins is not available, but is referred to by another package.
This may mean that the package is missing, has been obsoleted, or
is only available from another source

E: Package 'jenkins' has no installation candidate
ubuntu@ip-172-31-33-165:~$ sudo apt update
sudo apt install
openjdk-17-jre
java -version
Hit:1 http://security.ubuntu.com/ubuntu jammy-security InRelease
Ign:2 https://pkg.jenkins.io/debian-stable binary/ InRelease
Get:3 https://pkg.jenkins.io/debian-stable binary/ Release [2044 B]
Get:4 https://pkg.jenkins.io/debian-stable binary/ Release.gpg [833 B]
Hit:5 http://eu-north-1.ec2.archive.ubuntu.com/ubuntu jammy InRelease
Hit:6 http://eu-north-1.ec2.archive.ubuntu.com/ubuntu jammy-updates InRelease
Get:7 http://eu-north-1.ec2.archive.ubuntu.com/ubuntu jammy-backports InRelease [108 kB]
Ign:4 https://pkg.jenkins.io/debian-stable binary/ Release.gpg
Reading package lists... Done
W: GPG error: https://pkg.jenkins.io/debian-stable binary/ Release: The following signatures couldn't be verified because the public key is not available: NO_PUBKEY 5BA31D57EF5975CA
E: The repository 'https://pkg.jenkins.io/debian-stable binary/ Release' is not signed.
N: Updating from such a repository can't be done securely, and is therefore disabled by default.
N: See apt-secure(8) manpage for repository creation and user configuration details.
Reading package lists... Done
Building dependency tree... Done
Reading state information... Done
0 upgraded, 0 newly installed, 0 to remove and 78 not upgraded.
openjdk-17-jre: command not found
openjdk version "17.0.7" 2023-04-18
OpenJDK Runtime Environment (build 17.0.7+7-Ubuntu-0ubuntu122.04.2)
OpenJDK 64-Bit Server VM (build 17.0.7+7-Ubuntu-0ubuntu122.04.2, mixed mode, sharing)
ubuntu@ip-172-31-33-165:~$ sudo apt update
sudo apt install
openjdk-17-jre
java -version
Ign:1 https://pkg.jenkins.io/debian-stable binary/ InRelease
Hit:2 http://eu-north-1.ec2.archive.ubuntu.com/ubuntu jammy InRelease
Get:3 https://pkg.jenkins.io/debian-stable binary/ Release [2044 B]
Get:4 https://pkg.jenkins.io/debian-stable binary/ Release.gpg [833 B]
Hit:5 http://eu-north-1.ec2.archive.ubuntu.com/ubuntu jammy-updates InRelease
Get:6 http://eu-north-1.ec2.archive.ubuntu.com/ubuntu jammy-backports InRelease [108 kB]
Hit:7 http://security.ubuntu.com/ubuntu jammy-security InRelease
Ign:4 https://pkg.jenkins.io/debian-stable binary/ Release.gpg
Reading package lists... Done
W: GPG error: https://pkg.jenkins.io/debian-stable binary/ Release: The following signatures couldn't be verified because the public key is not available: NO_PUBKEY 5BA31D57EF5975CA
E: The repository 'https://pkg.jenkins.io/debian-stable binary/ Release' is not signed.
N: Updating from such a repository can't be done securely, and is therefore disabled by default.
N: See apt-secure(8) manpage for repository creation and user configuration details.
Reading package lists... Done
Building dependency tree... Done
Reading state information... Done
0 upgraded, 0 newly installed, 0 to remove and 78 not upgraded.
openjdk-17-jre: command not found
openjdk version "17.0.7" 2023-04-18
OpenJDK Runtime Environment (build 17.0.7+7-Ubuntu-0ubuntu122.04.2)
OpenJDK 64-Bit Server VM (build 17.0.7+7-Ubuntu-0ubuntu122.04.2, mixed mode, sharing)
ubuntu@ip-172-31-33-165:~$ curl -fsSL https://pkg.jenkins.io/debianstable/jenkins.io-2023.key | sudo tee \
 /usr/share/keyrings/jenkins-keyring.asc >
/dev/null
echo deb [signed-by=/usr/share/keyrings/jenkinskeyring.asc] \
 https://pkg.jenkins.io/debian-stable binary/ |
sudo tee \
 /etc/apt/sources.list.d/jenkins.list > /dev/null
sudo apt-get update
sudo apt-get install jenkins
-bash: syntax error near unexpected token `newline'
-bash: /dev/null: Permission denied
Ign:1 https://pkg.jenkins.io/debian-stable binary/ InRelease
Get:2 https://pkg.jenkins.io/debian-stable binary/ Release [2044 B]
Get:3 https://pkg.jenkins.io/debian-stable binary/ Release.gpg [833 B]
Hit:4 http://eu-north-1.ec2.archive.ubuntu.com/ubuntu jammy InRelease
Ign:3 https://pkg.jenkins.io/debian-stable binary/ Release.gpg
Hit:5 http://eu-north-1.ec2.archive.ubuntu.com/ubuntu jammy-updates InRelease
Hit:6 http://security.ubuntu.com/ubuntu jammy-security InRelease
Reading package lists... Done
Building dependency tree... Done
Reading state information... Done
The following packages will be upgraded:
  ca-certificates
1 upgraded, 0 newly installed, 0 to remove and 77 not upgraded.
Need to get 155 kB of archives.
After this operation, 23.6 kB of additional disk space will be used.
Get:1 http://eu-north-1.ec2.archive.ubuntu.com/ubuntu jammy-updates/main amd64 ca-certificates all 20230311ubuntu0.22.04.1 [155 kB]
Fetched 155 kB in 0s (565 kB/s)
Preconfiguring packages ...
(Reading database ... 81477 files and directories currently installed.)
Preparing to unpack .../ca-certificates_20230311ubuntu0.22.04.1_all.deb ...
Unpacking ca-certificates (20230311ubuntu0.22.04.1) over (20211016ubuntu0.22.04.1) ...
Setting up ca-certificates (20230311ubuntu0.22.04.1) ...
Updating certificates in /etc/ssl/certs...
rehash: warning: skipping ca-certificates.crt,it does not contain exactly one certificate or CRL
19 added, 6 removed; done.
Processing triggers for man-db (2.10.2-1) ...
Processing triggers for ca-certificates (20230311ubuntu0.22.04.1) ...
Updating certificates in /etc/ssl/certs...
0 added, 0 removed; done.
Running hooks in /etc/ca-certificates/update.d...

done.
done.
Scanning processes...
Scanning linux images...

Running kernel seems to be up-to-date.

No services need to be restarted.

No containers need to be restarted.

No user sessions are running outdated binaries.

No VM guests are running outdated hypervisor (qemu) binaries on this host.
ubuntu@ip-172-31-33-165:~$ sudo apt update
Ign:1 https://pkg.jenkins.io/debian-stable binary/ InRelease
Get:2 https://pkg.jenkins.io/debian-stable binary/ Release [2044 B]
Get:3 https://pkg.jenkins.io/debian-stable binary/ Release.gpg [833 B]
Hit:4 http://eu-north-1.ec2.archive.ubuntu.com/ubuntu jammy InRelease
Hit:5 http://eu-north-1.ec2.archive.ubuntu.com/ubuntu jammy-updates InRelease
Ign:3 https://pkg.jenkins.io/debian-stable binary/ Release.gpg
Get:6 http://eu-north-1.ec2.archive.ubuntu.com/ubuntu jammy-backports InRelease [108 kB]
Hit:7 http://security.ubuntu.com/ubuntu jammy-security InRelease
Reading package lists... Done
W: GPG error: https://pkg.jenkins.io/debian-stable binary/ Release: The following signatures couldn't be verified because the public key is not available: NO_PUBKEY 5BA31D57EF5975CA
E: The repository 'https://pkg.jenkins.io/debian-stable binary/ Release' is not signed.
N: Updating from such a repository can't be done securely, and is therefore disabled by default.
N: See apt-secure(8) manpage for repository creation and user configuration details.
ubuntu@ip-172-31-33-165:~$ curl -fsSL https://pkg.jenkins.io/debianstable/jenkins.io-2023.key | sudo tee \
 /usr/share/keyrings/jenkins-keyring.asc >
/dev/null
echo deb [signed-by=/usr/share/keyrings/jenkinskeyring.asc] \
 https://pkg.jenkins.io/debian-stable binary/ |
sudo tee \
 /etc/apt/sources.list.d/jenkins.list > /dev/null
sudo apt-get update
sudo apt-get install jenkins
-bash: syntax error near unexpected token `newline'
-bash: /dev/null: Permission denied
Hit:1 http://security.ubuntu.com/ubuntu jammy-security InRelease
Ign:2 https://pkg.jenkins.io/debian-stable binary/ InRelease
Get:3 https://pkg.jenkins.io/debian-stable binary/ Release [2044 B]
Hit:4 http://eu-north-1.ec2.archive.ubuntu.com/ubuntu jammy InRelease
Get:5 https://pkg.jenkins.io/debian-stable binary/ Release.gpg [833 B]
Hit:6 http://eu-north-1.ec2.archive.ubuntu.com/ubuntu jammy-updates InRelease
Get:7 http://eu-north-1.ec2.archive.ubuntu.com/ubuntu jammy-backports InRelease [108 kB]
Ign:5 https://pkg.jenkins.io/debian-stable binary/ Release.gpg
Reading package lists... Done
W: GPG error: https://pkg.jenkins.io/debian-stable binary/ Release: The following signatures couldn't be verified because the public key is not available: NO_PUBKEY 5BA31D57EF5975CA
E: The repository 'https://pkg.jenkins.io/debian-stable binary/ Release' is not signed.
N: Updating from such a repository can't be done securely, and is therefore disabled by default.
N: See apt-secure(8) manpage for repository creation and user configuration details.
Reading package lists... Done
Building dependency tree... Done
Reading state information... Done
Package jenkins is not available, but is referred to by another package.
This may mean that the package is missing, has been obsoleted, or
is only available from another source

E: Package 'jenkins' has no installation candidate
ubuntu@ip-172-31-33-165:~$ curl -fsSL https://pkg.jenkins.io/debian-stable/jenkins.io-2023.key | sudo tee \
  /usr/share/keyrings/jenkins-keyring.asc > /dev/null
echo deb [signed-by=/usr/share/keyrings/jenkins-keyring.asc] \
  https://pkg.jenkins.io/debian-stable binary/ | sudo tee \
  /etc/apt/sources.list.d/jenkins.list > /dev/null
ubuntu@ip-172-31-33-165:~$ curl -fsSL https://pkg.jenkins.io/debian/jenkins.io-2023.key | sudo tee \
  /usr/share/keyrings/jenkins-keyring.asc > /dev/null
echo deb [signed-by=/usr/share/keyrings/jenkins-keyring.asc] \
  https://pkg.jenkins.io/debian binary/ | sudo tee \
  /etc/apt/sources.list.d/jenkins.list > /dev/null
ubuntu@ip-172-31-33-165:~$ service jenkin status
Unit jenkin.service could not be found.
ubuntu@ip-172-31-33-165:~$ sudo apt update
sudo apt install
openjdk-17-jre
Ign:1 https://pkg.jenkins.io/debian binary/ InRelease
Hit:2 http://security.ubuntu.com/ubuntu jammy-security InRelease
Get:3 https://pkg.jenkins.io/debian binary/ Release [2044 B]
Hit:4 http://eu-north-1.ec2.archive.ubuntu.com/ubuntu jammy InRelease
Get:5 https://pkg.jenkins.io/debian binary/ Release.gpg [833 B]
Hit:6 http://eu-north-1.ec2.archive.ubuntu.com/ubuntu jammy-updates InRelease
Get:7 http://eu-north-1.ec2.archive.ubuntu.com/ubuntu jammy-backports InRelease [108 kB]
Get:8 https://pkg.jenkins.io/debian binary/ Packages [55.1 kB]
Fetched 166 kB in 1s (260 kB/s)
Reading package lists... Done
Building dependency tree... Done
Reading state information... Done
77 packages can be upgraded. Run 'apt list --upgradable' to see them.
Reading package lists... Done
Building dependency tree... Done
Reading state information... Done
0 upgraded, 0 newly installed, 0 to remove and 77 not upgraded.
openjdk-17-jre: command not found
ubuntu@ip-172-31-33-165:~$ sudo apt update
sudo apt install
openjdk-11-jre
Building dependency tree... Done
Reading state information... Done
0 upgraded, 0 newly installed, 0 to remove and 77 not upgraded.
openjdk-11-jre: command not found
ubuntu@ip-172-31-33-165:~$ sudo apt install jenkins -y
Reading package lists... Done
Building dependency tree... Done
Reading state information... Done
The following additional packages will be installed:
  net-tools
The following NEW packages will be installed:
  jenkins net-tools
0 upgraded, 2 newly installed, 0 to remove and 77 not upgraded.
Need to get 89.3 MB of archives.
After this operation, 90.4 MB of additional disk space will be used.
Get:2 http://eu-north-1.ec2.archive.ubuntu.com/ubuntu jammy/main amd64 net-tools amd64 1.60+git20181103.0eebece-1ubuntu5 [204 kB]Get:1 https://pkg.jenkins.io/debian binary/ jenkins 2.414 [89.1 MB]
Fetched 89.3 MB in 3s (29.8 MB/s)
Selecting previously unselected package net-tools.
(Reading database ... 81490 files and directories currently installed.)
Preparing to unpack .../net-tools_1.60+git20181103.0eebece-1ubuntu5_amd64.deb ...
Unpacking net-tools (1.60+git20181103.0eebece-1ubuntu5) ...
Selecting previously unselected package jenkins.
Preparing to unpack .../archives/jenkins_2.414_all.deb ...
Unpacking jenkins (2.414) ...
Setting up net-tools (1.60+git20181103.0eebece-1ubuntu5) ...
Setting up jenkins (2.414) ...
Created symlink /etc/systemd/system/multi-user.target.wants/jenkins.service → /lib/systemd/system/jenkins.service.
Processing triggers for man-db (2.10.2-1) ...
Scanning processes...
Scanning linux images...

Running kernel seems to be up-to-date.

No services need to be restarted.

No containers need to be restarted.

No user sessions are running outdated binaries.

No VM guests are running outdated hypervisor (qemu) binaries on this host.
ubuntu@ip-172-31-33-165:~$ sudo systemctl status jenkins
● jenkins.service - Jenkins Continuous Integration Server
     Loaded: loaded (/lib/systemd/system/jenkins.service; enabled; vendor preset: enabled)
     Active: active (running) since Sun 2023-07-16 08:28:41 UTC; 12s ago
   Main PID: 16829 (java)
      Tasks: 45 (limit: 1111)
     Memory: 287.3M
        CPU: 1min 5.533s
     CGroup: /system.slice/jenkins.service
             └─16829 /usr/bin/java -Djava.awt.headless=true -jar /usr/share/java/jenkins.war --webroot=/var/cache/jenkins/war -->
Jul 16 08:28:01 ip-172-31-33-165 jenkins[16829]: 6eb76d4d0fbd47a280807e45c6394dae
Jul 16 08:28:01 ip-172-31-33-165 jenkins[16829]: This may also be found at: /var/lib/jenkins/secrets/initialAdminPassword
Jul 16 08:28:01 ip-172-31-33-165 jenkins[16829]: *************************************************************
Jul 16 08:28:01 ip-172-31-33-165 jenkins[16829]: *************************************************************
Jul 16 08:28:01 ip-172-31-33-165 jenkins[16829]: *************************************************************
Jul 16 08:28:41 ip-172-31-33-165 jenkins[16829]: 2023-07-16 08:28:41.334+0000 [id=30]        INFO        jenkins.InitReactorRunn>Jul 16 08:28:41 ip-172-31-33-165 jenkins[16829]: 2023-07-16 08:28:41.354+0000 [id=24]        INFO        hudson.lifecycle.Lifecy>Jul 16 08:28:41 ip-172-31-33-165 systemd[1]: Started Jenkins Continuous Integration Server.
Jul 16 08:28:41 ip-172-31-33-165 jenkins[16829]: 2023-07-16 08:28:41.938+0000 [id=48]        INFO        h.m.DownloadService$Dow>Jul 16 08:28:41 ip-172-31-33-165 jenkins[16829]: 2023-07-16 08:28:41.939+0000 [id=48]        INFO        hudson.util.Retrier#sta>lines 1-20/20 (END)client_loop: send disconnect: Connection reset
PS C:\Users\Abhimanyu\Downloads> ssh -i "demo-django-key2.pem" ubuntu@ec2-16-171-140-146.eu-north-1.compute.amazonaws.com
Welcome to Ubuntu 22.04.2 LTS (GNU/Linux 5.19.0-1025-aws x86_64)

 * Documentation:  https://help.ubuntu.com
 * Management:     https://landscape.canonical.com
 * Support:        https://ubuntu.com/advantage

  System information as of Sun Jul 16 09:06:53 UTC 2023

  System load:  0.0               Processes:                113
  Usage of /:   53.7% of 7.57GB   Users logged in:          1
  Memory usage: 59%               IPv4 address for docker0: 172.17.0.1
  Swap usage:   0%                IPv4 address for ens5:    172.31.33.165


Expanded Security Maintenance for Applications is not enabled.

81 updates can be applied immediately.
48 of these updates are standard security updates.
To see these additional updates run: apt list --upgradable

Enable ESM Apps to receive additional future security updates.
See https://ubuntu.com/esm or run: sudo pro status


Last login: Sun Jul 16 07:49:06 2023 from 49.36.56.248
ubuntu@ip-172-31-33-165:~$ /var/lib/jenkins/secrets/initialAdminPassword
-bash: /var/lib/jenkins/secrets/initialAdminPassword: Permission denied
ubuntu@ip-172-31-33-165:~$ /var/lib/jenkins/secrets/initialAdminPassword
-bash: /var/lib/jenkins/secrets/initialAdminPassword: Permission denied
ubuntu@ip-172-31-33-165:~$ sudo cat /var/lib/jenkins/secrets/initialAdminPassword
6eb76d4d0fbd47a280807e45c6394dae
ubuntu@ip-172-31-33-165:~$ client_loop: send disconnect: Connection reset
PS C:\Users\Abhimanyu\Downloads>
PS C:\Users\Abhimanyu\Downloads> ssh -i "demo-django-key2.pem" ubuntu@ec2-16-171-140-146.eu-north-1.compute.amazonaws.com
Welcome to Ubuntu 22.04.2 LTS (GNU/Linux 5.19.0-1025-aws x86_64)

 * Documentation:  https://help.ubuntu.com
 * Management:     https://landscape.canonical.com
 * Support:        https://ubuntu.com/advantage

  System information as of Sun Jul 16 09:55:06 UTC 2023

  System load:  0.0               Processes:                114
  Usage of /:   56.6% of 7.57GB   Users logged in:          1
  Memory usage: 76%               IPv4 address for docker0: 172.17.0.1
  Swap usage:   0%                IPv4 address for ens5:    172.31.33.165


Expanded Security Maintenance for Applications is not enabled.

81 updates can be applied immediately.
48 of these updates are standard security updates.
To see these additional updates run: apt list --upgradable

Enable ESM Apps to receive additional future security updates.
See https://ubuntu.com/esm or run: sudo pro status


Last login: Sun Jul 16 09:06:54 2023 from 49.36.56.248
ubuntu@ip-172-31-33-165:~$ ls
django-notes-app
ubuntu@ip-172-31-33-165:~$ ls
django-notes-app
ubuntu@ip-172-31-33-165:~$ cd django-notes-app
ubuntu@ip-172-31-33-165:~/django-notes-app$ ls
Dockerfile   README.md  db.sqlite3          manage.py  notesapp  requirements.txt
Jenkinsfile  api        docker-compose.yml  mynotes    procfile  staticfiles
ubuntu@ip-172-31-33-165:~/django-notes-app$ history
    1  git clone https://github.com/LondheShubham153/django-notes-app.git
    2  ls
    3  cd django-notes-app
    4  sudo apt-get update
    5  sudo api install docker.io
    6  sudo apt install docker.io
    7  docker --version
    8  docker ps
    9  docker --version
   10  docker ps
   11  whoami
   12  sudo usermod -aG docker $USER
   13  sudo reboot
   14  docker ps
   15  cd django-notes-app/
   16  ls
   17  cat Dockerfile
   18  pwd
   19  ls
   20  cat requirements.txt
   21  docker build -t note-app .
   22  ls
   23  cd django-notes-app
   24  ls
   25  history
ubuntu@ip-172-31-33-165:~/django-notes-app$ client_loop: send disconnect: Connection reset
PS C:\Users\Abhimanyu\Downloads> ssh -i "demo-django-key2.pem" ubuntu@ec2-16-171-140-146.eu-north-1.compute.amazonaws.com
Welcome to Ubuntu 22.04.2 LTS (GNU/Linux 5.19.0-1025-aws x86_64)

 * Documentation:  https://help.ubuntu.com
 * Management:     https://landscape.canonical.com
 * Support:        https://ubuntu.com/advantage

  System information as of Sun Jul 16 10:10:19 UTC 2023

  System load:  0.0615234375      Processes:                116
  Usage of /:   56.8% of 7.57GB   Users logged in:          1
  Memory usage: 77%               IPv4 address for docker0: 172.17.0.1
  Swap usage:   0%                IPv4 address for ens5:    172.31.33.165


Expanded Security Maintenance for Applications is not enabled.

81 updates can be applied immediately.
48 of these updates are standard security updates.
To see these additional updates run: apt list --upgradable

Enable ESM Apps to receive additional future security updates.
See https://ubuntu.com/esm or run: sudo pro status


Last login: Sun Jul 16 09:55:07 2023 from 49.36.56.248
ubuntu@ip-172-31-33-165:~$ sudo usermod -a -G docker jenkins
ubuntu@ip-172-31-33-165:~$ sudo reboot
Connection to ec2-16-171-140-146.eu-north-1.compute.amazonaws.com closed by remote host.
Connection to ec2-16-171-140-146.eu-north-1.compute.amazonaws.com closed.
PS C:\Users\Abhimanyu\Downloads> ssh -i "demo-django-key2.pem" ubuntu@ec2-16-171-140-146.eu-north-1.compute.amazonaws.com
Welcome to Ubuntu 22.04.2 LTS (GNU/Linux 5.19.0-1025-aws x86_64)

 * Documentation:  https://help.ubuntu.com
 * Management:     https://landscape.canonical.com
 * Support:        https://ubuntu.com/advantage

  System information as of Sun Jul 16 10:11:55 UTC 2023

  System load:  0.5166015625      Processes:                110
  Usage of /:   56.8% of 7.57GB   Users logged in:          0
  Memory usage: 48%               IPv4 address for docker0: 172.17.0.1
  Swap usage:   0%                IPv4 address for ens5:    172.31.33.165


Expanded Security Maintenance for Applications is not enabled.

81 updates can be applied immediately.
48 of these updates are standard security updates.
To see these additional updates run: apt list --upgradable

Enable ESM Apps to receive additional future security updates.
See https://ubuntu.com/esm or run: sudo pro status


Last login: Sun Jul 16 10:10:20 2023 from 49.36.56.248
ubuntu@ip-172-31-33-165:~$ client_loop: send disconnect: Connection reset
PS C:\Users\Abhimanyu\Downloads> ssh -i "demo-django-key2.pem" ubuntu@ec2-16-171-140-146.eu-north-1.compute.amazonaws.com
Welcome to Ubuntu 22.04.2 LTS (GNU/Linux 5.19.0-1025-aws x86_64)

 * Documentation:  https://help.ubuntu.com
 * Management:     https://landscape.canonical.com
 * Support:        https://ubuntu.com/advantage

  System information as of Sun Jul 16 10:20:23 UTC 2023

  System load:  0.013671875       Processes:                113
  Usage of /:   60.4% of 7.57GB   Users logged in:          1
  Memory usage: 71%               IPv4 address for docker0: 172.17.0.1
  Swap usage:   0%                IPv4 address for ens5:    172.31.33.165


Expanded Security Maintenance for Applications is not enabled.

81 updates can be applied immediately.
48 of these updates are standard security updates.
To see these additional updates run: apt list --upgradable

Enable ESM Apps to receive additional future security updates.
See https://ubuntu.com/esm or run: sudo pro status


Last login: Sun Jul 16 10:11:56 2023 from 49.36.56.248
ubuntu@ip-172-31-33-165:~$ docker login
Login with your Docker ID to push and pull images from Docker Hub. If you don't have a Docker ID, head over to https://hub.docker.com to create one.
Username: abhimanyuj0302@gmail.com
Password:
Error response from daemon: Get "https://registry-1.docker.io/v2/": unauthorized: incorrect username or password
ubuntu@ip-172-31-33-165:~$ docker login
Login with your Docker ID to push and pull images from Docker Hub. If you don't have a Docker ID, head over to https://hub.docker.com to create one.
Username: abhimanyuj0302@gmail.com
Password:
Error response from daemon: Get "https://registry-1.docker.io/v2/": unauthorized: incorrect username or password
ubuntu@ip-172-31-33-165:~$ client_loop: send disconnect: Connection reset
PS C:\Users\Abhimanyu\Downloads> ssh -i "demo-django-key2.pem" ubuntu@ec2-16-171-140-146.eu-north-1.compute.amazonaws.com
Welcome to Ubuntu 22.04.2 LTS (GNU/Linux 5.19.0-1025-aws x86_64)

 * Documentation:  https://help.ubuntu.com
 * Management:     https://landscape.canonical.com
 * Support:        https://ubuntu.com/advantage

  System information as of Sun Jul 16 10:31:43 UTC 2023

  System load:  0.0390625         Processes:                108
  Usage of /:   60.4% of 7.57GB   Users logged in:          1
  Memory usage: 72%               IPv4 address for docker0: 172.17.0.1
  Swap usage:   0%                IPv4 address for ens5:    172.31.33.165


Expanded Security Maintenance for Applications is not enabled.

81 updates can be applied immediately.
48 of these updates are standard security updates.
To see these additional updates run: apt list --upgradable

Enable ESM Apps to receive additional future security updates.
See https://ubuntu.com/esm or run: sudo pro status


Last login: Sun Jul 16 10:20:24 2023 from 49.36.56.248
ubuntu@ip-172-31-33-165:~$ docker login
Login with your Docker ID to push and pull images from Docker Hub. If you don't have a Docker ID, head over to https://hub.docker.com to create one.
Username: abhimanyuj0302
Password:
WARNING! Your password will be stored unencrypted in /home/ubuntu/.docker/config.json.
Configure a credential helper to remove this warning. See
https://docs.docker.com/engine/reference/commandline/login/#credentials-store

Login Succeeded
ubuntu@ip-172-31-33-165:~$ client_loop: send disconnect: Connection reset
PS C:\Users\Abhimanyu\Downloads> hostory
hostory : The term 'hostory' is not recognized as the name of a cmdlet, function, script file, or operable program.
Check the spelling of the name, or if a path was included, verify that the path is correct and try again.
At line:1 char:1
+ hostory
+ ~~~~~~~
    + CategoryInfo          : ObjectNotFound: (hostory:String) [], CommandNotFoundException
    + FullyQualifiedErrorId : CommandNotFoundException

PS C:\Users\Abhimanyu\Downloads> ssh -i "demo-django-key2.pem" ubuntu@ec2-16-171-140-146.eu-north-1.compute.amazonaws.com
Welcome to Ubuntu 22.04.2 LTS (GNU/Linux 5.19.0-1025-aws x86_64)

 * Documentation:  https://help.ubuntu.com
 * Management:     https://landscape.canonical.com
 * Support:        https://ubuntu.com/advantage

  System information as of Sun Jul 16 10:52:45 UTC 2023

  System load:  0.0               Processes:                111
  Usage of /:   60.4% of 7.57GB   Users logged in:          1
  Memory usage: 75%               IPv4 address for docker0: 172.17.0.1
  Swap usage:   0%                IPv4 address for ens5:    172.31.33.165


Expanded Security Maintenance for Applications is not enabled.

81 updates can be applied immediately.
48 of these updates are standard security updates.
To see these additional updates run: apt list --upgradable

Enable ESM Apps to receive additional future security updates.
See https://ubuntu.com/esm or run: sudo pro status


Last login: Sun Jul 16 10:31:44 2023 from 49.36.56.248
ubuntu@ip-172-31-33-165:~$ history
    1  git clone https://github.com/LondheShubham153/django-notes-app.git
    2  ls
    3  cd django-notes-app
    4  sudo apt-get update
    5  sudo api install docker.io
    6  sudo apt install docker.io
    7  docker --version
    8  docker ps
    9  docker --version
   10  docker ps
   11  whoami
   12  sudo usermod -aG docker $USER
   13  sudo reboot
   14  docker ps
   15  cd django-notes-app/
   16  ls
   17  cat Dockerfile
   18  pwd
   19  ls
   20  cat requirements.txt
   21  docker build -t note-app .
   22  sudo apt update
   23  sudo apt install
   24  openjdk-17-jre
   25  java -version
   26  sudo apt update
   27  sudo apt install
   28  openjdk-17-jre
   29  java -version
   30  sudo apt update
   31  sudo apt install openjdk-17-jdk -y
   32  java -version
   33  curl -fsSL https://pkg.jenkins.io/debian-stable/jenkins.io.key | sudo tee /usr/share/keyrings/jenkins-keyring.asc > /dev/null
   34  echo deb [signed-by=/usr/share/keyrings/jenkins-keyring.asc] https://pkg.jenkins.io/debian-stable binary/ | sudo tee /etc/apt/sources.list.d/jenkins.list > /dev/null
   35  sudo apt update
   36  sudo systemctl status jenkins
   37  sudo systemctl status jenkins
   38  sudo apt install jenkins
   39  curl -fsSL https://pkg.jenkins.io/debianstable/jenkins.io-2023.key | sudo tee  /usr/share/keyrings/jenkins-keyring.asc >
   40  /dev/null
   41  echo deb [signed-by=/usr/share/keyrings/jenkinskeyring.asc]  https://pkg.jenkins.io/debian-stable binary/ | sudo tee  /etc/apt/sources.list.d/jenkins.list > /dev/null
   42  sudo apt-get update
   43  sudo apt-get install jenkins
   44  sudo apt update
   45  sudo apt install
   46  openjdk-17-jre
   47  java -version
   48  curl -fsSL https://pkg.jenkins.io/debianstable/jenkins.io-2023.key | sudo tee  /usr/share/keyrings/jenkins-keyring.asc >
   49  /dev/null
   50  echo deb [signed-by=/usr/share/keyrings/jenkinskeyring.asc]  https://pkg.jenkins.io/debian-stable binary/ | sudo tee  /etc/apt/sources.list.d/jenkins.list > /dev/null
   51  sudo apt-get update
   52  sudo apt-get install jenkins
   53  openjdk-11-jre
   54  sudo apt install openjdk-11-jdk -y
   55  curl -fsSL https://pkg.jenkins.io/debianstable/jenkins.io-2023.key | sudo tee  /usr/share/keyrings/jenkins-keyring.asc >
   56  /dev/null
   57  echo deb [signed-by=/usr/share/keyrings/jenkinskeyring.asc]  https://pkg.jenkins.io/debian-stable binary/ | sudo tee  /etc/apt/sources.list.d/jenkins.list > /dev/null
   58  sudo apt-get update
   59  sudo apt-get install jenkins
   60  sudo apt update
   61  sudo apt install
   62  openjdk-17-jre
   63  java -version
   64  sudo apt update
   65  sudo apt install
   66  openjdk-17-jre
   67  java -version
   68  curl -fsSL https://pkg.jenkins.io/debianstable/jenkins.io-2023.key | sudo tee  /usr/share/keyrings/jenkins-keyring.asc >
   69  /dev/null
   70  echo deb [signed-by=/usr/share/keyrings/jenkinskeyring.asc]  https://pkg.jenkins.io/debian-stable binary/ | sudo tee  /etc/apt/sources.list.d/jenkins.list > /dev/null
   71  sudo apt-get update
   72  sudo apt-get install jenkins
   73  sudo apt install ca-certificates
   74  sudo apt update
   75  curl -fsSL https://pkg.jenkins.io/debianstable/jenkins.io-2023.key | sudo tee  /usr/share/keyrings/jenkins-keyring.asc >
   76  /dev/null
   77  echo deb [signed-by=/usr/share/keyrings/jenkinskeyring.asc]  https://pkg.jenkins.io/debian-stable binary/ | sudo tee  /etc/apt/sources.list.d/jenkins.list > /dev/null
   78  sudo apt-get update
   79  sudo apt-get install jenkins
   80  curl -fsSL https://pkg.jenkins.io/debian-stable/jenkins.io-2023.key | sudo tee   /usr/share/keyrings/jenkins-keyring.asc > /dev/null
   81  echo deb [signed-by=/usr/share/keyrings/jenkins-keyring.asc]   https://pkg.jenkins.io/debian-stable binary/ | sudo tee   /etc/apt/sources.list.d/jenkins.list > /dev/null
   82  curl -fsSL https://pkg.jenkins.io/debian/jenkins.io-2023.key | sudo tee   /usr/share/keyrings/jenkins-keyring.asc > /dev/null
   83  echo deb [signed-by=/usr/share/keyrings/jenkins-keyring.asc]   https://pkg.jenkins.io/debian binary/ | sudo tee   /etc/apt/sources.list.d/jenkins.list > /dev/null
   84  service jenkin status
   85  sudo apt update
   86  sudo apt install
   87  openjdk-17-jre
   88  sudo apt update
   89  sudo apt install
   90  openjdk-11-jre
   91  sudo apt install jenkins -y
   92  sudo systemctl status jenkins
   93  /var/lib/jenkins/secrets/initialAdminPassword
   94  sudo cat /var/lib/jenkins/secrets/initialAdminPassword
   95  sudo usermod -a -G docker jenkins
   96  sudo reboot
   97  ls
   98  cd django-notes-app
   99  ls
  100  history
ubuntu@ip-172-31-33-165:~$ client_loop: send disconnect: Connection reset
PS C:\Users\Abhimanyu\Downloads> ssh -i "demo-django-key2.pem" ubuntu@ec2-16-171-140-146.eu-north-1.compute.amazonaws.com
Welcome to Ubuntu 22.04.2 LTS (GNU/Linux 5.19.0-1025-aws x86_64)

 * Documentation:  https://help.ubuntu.com
 * Management:     https://landscape.canonical.com
 * Support:        https://ubuntu.com/advantage

  System information as of Sun Jul 16 11:02:10 UTC 2023

  System load:  0.03271484375     Processes:                115
  Usage of /:   60.6% of 7.57GB   Users logged in:          1
  Memory usage: 79%               IPv4 address for docker0: 172.17.0.1
  Swap usage:   0%                IPv4 address for ens5:    172.31.33.165


Expanded Security Maintenance for Applications is not enabled.

81 updates can be applied immediately.
48 of these updates are standard security updates.
To see these additional updates run: apt list --upgradable

Enable ESM Apps to receive additional future security updates.
See https://ubuntu.com/esm or run: sudo pro status


Last login: Sun Jul 16 10:52:46 2023 from 49.36.56.248
ubuntu@ip-172-31-33-165:~$ client_loop: send disconnect: Connection reset
PS C:\Users\Abhimanyu\Downloads> ssh -i "demo-django-key2.pem" ubuntu@ec2-16-171-140-146.eu-north-1.compute.amazonaws.com
Welcome to Ubuntu 22.04.2 LTS (GNU/Linux 5.19.0-1025-aws x86_64)

 * Documentation:  https://help.ubuntu.com
 * Management:     https://landscape.canonical.com
 * Support:        https://ubuntu.com/advantage

  System information as of Sun Jul 16 11:35:07 UTC 2023

  System load:  0.05126953125     Processes:                117
  Usage of /:   60.7% of 7.57GB   Users logged in:          1
  Memory usage: 80%               IPv4 address for docker0: 172.17.0.1
  Swap usage:   0%                IPv4 address for ens5:    172.31.33.165


Expanded Security Maintenance for Applications is not enabled.

81 updates can be applied immediately.
48 of these updates are standard security updates.
To see these additional updates run: apt list --upgradable

Enable ESM Apps to receive additional future security updates.
See https://ubuntu.com/esm or run: sudo pro status


Last login: Sun Jul 16 11:02:11 2023 from 49.36.56.248
ubuntu@ip-172-31-33-165:~$ client_loop: send disconnect: Connection reset
PS C:\Users\Abhimanyu\Downloads> ssh -i "demo-django-key2.pem" ubuntu@ec2-16-171-140-146.eu-north-1.compute.amazonaws.com
Welcome to Ubuntu 22.04.2 LTS (GNU/Linux 5.19.0-1025-aws x86_64)

 * Documentation:  https://help.ubuntu.com
 * Management:     https://landscape.canonical.com
 * Support:        https://ubuntu.com/advantage

  System information as of Sun Jul 16 11:45:21 UTC 2023

  System load:  0.00244140625     Processes:                120
  Usage of /:   60.9% of 7.57GB   Users logged in:          1
  Memory usage: 81%               IPv4 address for docker0: 172.17.0.1
  Swap usage:   0%                IPv4 address for ens5:    172.31.33.165


Expanded Security Maintenance for Applications is not enabled.

81 updates can be applied immediately.
48 of these updates are standard security updates.
To see these additional updates run: apt list --upgradable

Enable ESM Apps to receive additional future security updates.
See https://ubuntu.com/esm or run: sudo pro status


Last login: Sun Jul 16 11:35:08 2023 from 49.36.56.248
ubuntu@ip-172-31-33-165:~$ sudo pro status
SERVICE          AVAILABLE  DESCRIPTION
esm-apps         yes        Expanded Security Maintenance for Applications
esm-infra        yes        Expanded Security Maintenance for Infrastructure
livepatch        yes        Current kernel is not supported
realtime-kernel  yes        Ubuntu kernel with PREEMPT_RT patches integrated
usg              yes        Security compliance and audit tools

This machine is not attached to an Ubuntu Pro subscription.
See https://ubuntu.com/pro

Supported livepatch kernels are listed here: https://ubuntu.com/security/livepatch/docs/kernels

[info] A new version is available: 28.1~22.04
Please run:
    sudo apt-get install ubuntu-advantage-tools
to get the latest version with new features and bug fixes.
ubuntu@ip-172-31-33-165:~$ sudo pro statusclient_loop: send disconnect: Connection reset
PS C:\Users\Abhimanyu\Downloads> ssh -i "demo-django-key2.pem" ubuntu@ec2-16-171-140-146.eu-north-1.compute.amazonaws.com
Welcome to Ubuntu 22.04.2 LTS (GNU/Linux 5.19.0-1025-aws x86_64)

 * Documentation:  https://help.ubuntu.com
 * Management:     https://landscape.canonical.com
 * Support:        https://ubuntu.com/advantage

  System information as of Sun Jul 16 12:00:56 UTC 2023

  System load:  0.080078125       Processes:                123
  Usage of /:   61.0% of 7.57GB   Users logged in:          1
  Memory usage: 82%               IPv4 address for docker0: 172.17.0.1
  Swap usage:   0%                IPv4 address for ens5:    172.31.33.165


Expanded Security Maintenance for Applications is not enabled.

81 updates can be applied immediately.
48 of these updates are standard security updates.
To see these additional updates run: apt list --upgradable

Enable ESM Apps to receive additional future security updates.
See https://ubuntu.com/esm or run: sudo pro status


Last login: Sun Jul 16 11:45:22 2023 from 49.36.56.248
ubuntu@ip-172-31-33-165:~$ client_loop: send disconnect: Connection reset
PS C:\Users\Abhimanyu\Downloads> ssh -i "demo-django-key2.pem" ubuntu@ec2-16-171-140-146.eu-north-1.compute.amazonaws.com
PS C:\Users\Abhimanyu\Downloads> ssh -i "demo-django-key2.pem" ubuntu@ec2-16-171-140-146.eu-north-1.compute.amazonaws.com
Welcome to Ubuntu 22.04.2 LTS (GNU/Linux 5.19.0-1025-aws x86_64)

 * Documentation:  https://help.ubuntu.com
 * Management:     https://landscape.canonical.com
 * Support:        https://ubuntu.com/advantage

  System information as of Sun Jul 16 12:00:56 UTC 2023

  System load:  0.080078125       Processes:                123
  Usage of /:   61.0% of 7.57GB   Users logged in:          1
  Memory usage: 82%               IPv4 address for docker0: 172.17.0.1
  Swap usage:   0%                IPv4 address for ens5:    172.31.33.165


Expanded Security Maintenance for Applications is not enabled.

81 updates can be applied immediately.
48 of these updates are standard security updates.
To see these additional updates run: apt list --upgradable

Enable ESM Apps to receive additional future security updates.
See https://ubuntu.com/esm or run: sudo pro status


Last login: Sun Jul 16 12:00:57 2023 from 49.36.56.248
^[OA^[OA^[Oubuntu@ip-172-31-33-165:~$ sudo reboot^C
ubuntu@ip-172-31-33-165:~$
ubuntu@ip-172-31-33-165:~$
ubuntu@ip-172-31-33-165:~$
ubuntu@ip-172-31-33-165:~$ sudo reboot
Connection to ec2-16-171-140-146.eu-north-1.compute.amazonaws.com closed by remote host.
Connection to ec2-16-171-140-146.eu-north-1.compute.amazonaws.com closed.
PS C:\Users\Abhimanyu\Downloads> ssh -i "demo-django-key2.pem" ubuntu@ec2-16-171-140-146.eu-north-1.compute.amazonaws.com
ssh: connect to host ec2-16-171-140-146.eu-north-1.compute.amazonaws.com port 22: Connection refused
PS C:\Users\Abhimanyu\Downloads> ssh -i "demo-django-key2.pem" ubuntu@ec2-16-171-140-146.eu-north-1.compute.amazonaws.com
ssh: connect to host ec2-16-171-140-146.eu-north-1.compute.amazonaws.com port 22: Connection refused
PS C:\Users\Abhimanyu\Downloads> ssh -i "demo-django-key2.pem" ubuntu@ec2-16-171-140-146.eu-north-1.compute.amazonaws.com
Welcome to Ubuntu 22.04.2 LTS (GNU/Linux 5.19.0-1025-aws x86_64)

 * Documentation:  https://help.ubuntu.com
 * Management:     https://landscape.canonical.com
 * Support:        https://ubuntu.com/advantage

  System information as of Sun Jul 16 12:31:25 UTC 2023

  System load:  1.16259765625     Processes:                114
  Usage of /:   61.2% of 7.57GB   Users logged in:          0
  Memory usage: 49%               IPv4 address for docker0: 172.17.0.1
  Swap usage:   0%                IPv4 address for ens5:    172.31.33.165


Expanded Security Maintenance for Applications is not enabled.

81 updates can be applied immediately.
48 of these updates are standard security updates.
To see these additional updates run: apt list --upgradable

Enable ESM Apps to receive additional future security updates.
See https://ubuntu.com/esm or run: sudo pro status


Last login: Sun Jul 16 12:17:56 2023 from 49.36.56.248
ubuntu@ip-172-31-33-165:~$ sudo apt-get docker-compose
E: Invalid operation docker-compose
ubuntu@ip-172-31-33-165:~$ sudo apt-get install docker-compose
Reading package lists... Done
Building dependency tree... Done
Reading state information... Done
The following additional packages will be installed:
  python3-docker python3-dockerpty python3-docopt python3-dotenv python3-texttable python3-websocket
The following NEW packages will be installed:
  docker-compose python3-docker python3-dockerpty python3-docopt python3-dotenv python3-texttable python3-websocket
0 upgraded, 7 newly installed, 0 to remove and 77 not upgraded.
Need to get 290 kB of archives.
After this operation, 1545 kB of additional disk space will be used.
Do you want to continue? [Y/n] y
Get:1 http://eu-north-1.ec2.archive.ubuntu.com/ubuntu jammy/universe amd64 python3-websocket all 1.2.3-1 [34.7 kB]
Get:2 http://eu-north-1.ec2.archive.ubuntu.com/ubuntu jammy/universe amd64 python3-docker all 5.0.3-1 [89.3 kB]
Get:3 http://eu-north-1.ec2.archive.ubuntu.com/ubuntu jammy/universe amd64 python3-dockerpty all 0.4.1-2 [11.1 kB]
Get:4 http://eu-north-1.ec2.archive.ubuntu.com/ubuntu jammy/universe amd64 python3-docopt all 0.6.2-4 [26.9 kB]
Get:5 http://eu-north-1.ec2.archive.ubuntu.com/ubuntu jammy/universe amd64 python3-dotenv all 0.19.2-1 [20.5 kB]
Get:6 http://eu-north-1.ec2.archive.ubuntu.com/ubuntu jammy/universe amd64 python3-texttable all 1.6.4-1 [11.4 kB]
Get:7 http://eu-north-1.ec2.archive.ubuntu.com/ubuntu jammy/universe amd64 docker-compose all 1.29.2-1 [95.8 kB]
Fetched 290 kB in 0s (925 kB/s)
Selecting previously unselected package python3-websocket.
(Reading database ... 81553 files and directories currently installed.)
Preparing to unpack .../0-python3-websocket_1.2.3-1_all.deb ...
Unpacking python3-websocket (1.2.3-1) ...
Selecting previously unselected package python3-docker.
Preparing to unpack .../1-python3-docker_5.0.3-1_all.deb ...
Unpacking python3-docker (5.0.3-1) ...
Selecting previously unselected package python3-dockerpty.
Preparing to unpack .../2-python3-dockerpty_0.4.1-2_all.deb ...
Unpacking python3-dockerpty (0.4.1-2) ...
Selecting previously unselected package python3-docopt.
Preparing to unpack .../3-python3-docopt_0.6.2-4_all.deb ...
Unpacking python3-docopt (0.6.2-4) ...
Selecting previously unselected package python3-dotenv.
Preparing to unpack .../4-python3-dotenv_0.19.2-1_all.deb ...
Unpacking python3-dotenv (0.19.2-1) ...
Selecting previously unselected package python3-texttable.
Preparing to unpack .../5-python3-texttable_1.6.4-1_all.deb ...
Unpacking python3-texttable (1.6.4-1) ...
Selecting previously unselected package docker-compose.
Preparing to unpack .../6-docker-compose_1.29.2-1_all.deb ...
Unpacking docker-compose (1.29.2-1) ...
Setting up python3-dotenv (0.19.2-1) ...
Setting up python3-texttable (1.6.4-1) ...
Setting up python3-docopt (0.6.2-4) ...
Setting up python3-websocket (1.2.3-1) ...
Setting up python3-dockerpty (0.4.1-2) ...
Setting up python3-docker (5.0.3-1) ...
Setting up docker-compose (1.29.2-1) ...
Processing triggers for man-db (2.10.2-1) ...
Scanning processes...
Scanning linux images...

Running kernel seems to be up-to-date.

No services need to be restarted.

No containers need to be restarted.

No user sessions are running outdated binaries.

No VM guests are running outdated hypervisor (qemu) binaries on this host.
ubuntu@ip-172-31-33-165:~$ sudo apt-get install docker-compose
Reading package lists... Done
Building dependency tree... Done
Reading state information... Done
docker-compose is already the newest version (1.29.2-1).
0 upgraded, 0 newly installed, 0 to remove and 77 not upgraded.
ubuntu@ip-172-31-33-165:~$ ls
django-notes-app
ubuntu@ip-172-31-33-165:~$ cd django-note-app
-bash: cd: django-note-app: No such file or directory
ubuntu@ip-172-31-33-165:~$ cd django-notes-app
ubuntu@ip-172-31-33-165:~/django-notes-app$ ls
Dockerfile   README.md  db.sqlite3          manage.py  notesapp  requirements.txt
Jenkinsfile  api        docker-compose.yml  mynotes    procfile  staticfiles
ubuntu@ip-172-31-33-165:~/django-notes-app$ cat docker-compose.yml
version : "3.3"
services :
  web :
     image : trainwithshubham/my-note-app:latest
     ports :
         - "8000:8000"
ubuntu@ip-172-31-33-165:~/django-notes-app$ docker-compose up -d
Creating network "django-notes-app_default" with the default driver
Pulling web (trainwithshubham/my-note-app:latest)...
latest: Pulling from trainwithshubham/my-note-app
d52e4f012db1: Already exists
7dd206bea61f: Already exists
2320f9be4a9c: Already exists
6e5565e0ba8d: Already exists
d3797e13cc41: Already exists
9421d62bef94: Already exists
19d7d75bfdca: Already exists
67f28346abde: Already exists
0cf53032c230: Pull complete
7fd1e151fa8d: Pull complete
4e6d698d2e77: Pull complete
49d939fa78c9: Pull complete
Digest: sha256:39e44e89f74e9a700ee83e6340cda9cbeea14595c525ed32e579a56308e16459
Status: Downloaded newer image for trainwithshubham/my-note-app:latest
Creating django-notes-app_web_1 ... done
ubuntu@ip-172-31-33-165:~/django-notes-app$ docker ps
CONTAINER ID   IMAGE                                 COMMAND                  CREATED          STATUS          PORTS                                       NAMES
21c1b2380105   trainwithshubham/my-note-app:latest   "/bin/sh -c 'python …"   29 seconds ago   Up 27 seconds   0.0.0.0:8000->8000/tcp, :::8000->8000/tcp   django-notes-app_web_1
ubuntu@ip-172-31-33-165:~/django-notes-app$ docker kill 21c1b2380105
21c1b2380105
ubuntu@ip-172-31-33-165:~/django-notes-app$ docker-compose up -d
Starting django-notes-app_web_1 ... done
ubuntu@ip-172-31-33-165:~/django-notes-app$ cat docker-compose.yml
version : "3.3"
services :
  web :
     image : trainwithshubham/my-note-app:latest
     ports :
         - "8000:8000"
ubuntu@ip-172-31-33-165:~/django-notes-app$ docker ps
CONTAINER ID   IMAGE                                 COMMAND                  CREATED         STATUS          PORTS                                       NAMES
21c1b2380105   trainwithshubham/my-note-app:latest   "/bin/sh -c 'python …"   2 minutes ago   Up 25 seconds   0.0.0.0:8000->8000/tcp, :::8000->8000/tcp   django-notes-app_web_1
ubuntu@ip-172-31-33-165:~/django-notes-app$ docker-compose down
Stopping django-notes-app_web_1 ... done
Removing django-notes-app_web_1 ... done
Removing network django-notes-app_default
ubuntu@ip-172-31-33-165:~/django-notes-app$ docker ps
CONTAINER ID   IMAGE     COMMAND   CREATED   STATUS    PORTS     NAMES
ubuntu@ip-172-31-33-165:~/django-notes-app$ docker-compose up -dclient_loop: send disconnect: Connection reset
PS C:\Users\Abhimanyu\Downloads> ssh -i "demo-django-key2.pem" ubuntu@ec2-16-171-140-146.eu-north-1.compute.amazonaws.com
Welcome to Ubuntu 22.04.2 LTS (GNU/Linux 5.19.0-1025-aws x86_64)

 * Documentation:  https://help.ubuntu.com
 * Management:     https://landscape.canonical.com
 * Support:        https://ubuntu.com/advantage

  System information as of Sun Jul 16 15:47:32 UTC 2023

  System load:                      0.08837890625
  Usage of /:                       62.6% of 7.57GB
  Memory usage:                     80%
  Swap usage:                       0%
  Processes:                        110
  Users logged in:                  0
  IPv4 address for br-5637ac59f588: 172.20.0.1
  IPv4 address for docker0:         172.17.0.1
  IPv4 address for ens5:            172.31.33.165

 * Ubuntu Pro delivers the most comprehensive open source security and
   compliance features.

   https://ubuntu.com/aws/pro

Expanded Security Maintenance for Applications is not enabled.

81 updates can be applied immediately.
48 of these updates are standard security updates.
To see these additional updates run: apt list --upgradable

Enable ESM Apps to receive additional future security updates.
See https://ubuntu.com/esm or run: sudo pro status


Last login: Sun Jul 16 12:31:26 2023 from 49.36.56.248
ubuntu@ip-172-31-33-165:~$ docker ps
CONTAINER ID   IMAGE                                 COMMAND                  CREATED       STATUS       PORTS
                             NAMES
221ddef384f5   trainwithshubham/my-note-app:latest   "/bin/sh -c 'python …"   3 hours ago   Up 3 hours   0.0.0.0:8000->8000/tcp, :::8000->8000/tcp   notes-app-cicd_web_1
ubuntu@ip-172-31-33-165:~$ cd django-notes-app
ubuntu@ip-172-31-33-165:~/django-notes-app$ client_loop: send disconnect: Connection reset
PS C:\Users\Abhimanyu\Downloads>